Archive member included to satisfy reference by file (symbol)

c:/siliconlabs/simplicitystudio/v5/developer/toolchains/gnu_arm/10.3_2021.10/bin/../lib/gcc/arm-none-eabi/10.3.1/thumb/v8-m.main+fp/hard\libgcc.a(_aeabi_ldivmod.o)
                              ./gecko_sdk_4.1.1/platform/emlib/src/em_usart.o (__aeabi_ldivmod)
c:/siliconlabs/simplicitystudio/v5/developer/toolchains/gnu_arm/10.3_2021.10/bin/../lib/gcc/arm-none-eabi/10.3.1/thumb/v8-m.main+fp/hard\libgcc.a(_aeabi_uldivmod.o)
                              ./gecko_sdk_4.1.1/platform/emlib/src/em_usart.o (__aeabi_uldivmod)
c:/siliconlabs/simplicitystudio/v5/developer/toolchains/gnu_arm/10.3_2021.10/bin/../lib/gcc/arm-none-eabi/10.3.1/thumb/v8-m.main+fp/hard\libgcc.a(_udivmoddi4.o)
                              c:/siliconlabs/simplicitystudio/v5/developer/toolchains/gnu_arm/10.3_2021.10/bin/../lib/gcc/arm-none-eabi/10.3.1/thumb/v8-m.main+fp/hard\libgcc.a(_aeabi_ldivmod.o) (__udivmoddi4)
c:/siliconlabs/simplicitystudio/v5/developer/toolchains/gnu_arm/10.3_2021.10/bin/../lib/gcc/arm-none-eabi/10.3.1/thumb/v8-m.main+fp/hard\libgcc.a(_dvmd_tls.o)
                              c:/siliconlabs/simplicitystudio/v5/developer/toolchains/gnu_arm/10.3_2021.10/bin/../lib/gcc/arm-none-eabi/10.3.1/thumb/v8-m.main+fp/hard\libgcc.a(_aeabi_ldivmod.o) (__aeabi_ldiv0)
c:/siliconlabs/simplicitystudio/v5/developer/toolchains/gnu_arm/10.3_2021.10/bin/../lib/gcc/arm-none-eabi/10.3.1/../../../../arm-none-eabi/lib/thumb/v8-m.main+fp/hard\libc_nano.a(lib_a-exit.o)
                              c:/siliconlabs/simplicitystudio/v5/developer/toolchains/gnu_arm/10.3_2021.10/bin/../lib/gcc/arm-none-eabi/10.3.1/../../../../arm-none-eabi/lib/thumb/v8-m.main+fp/hard/crt0.o (exit)
c:/siliconlabs/simplicitystudio/v5/developer/toolchains/gnu_arm/10.3_2021.10/bin/../lib/gcc/arm-none-eabi/10.3.1/../../../../arm-none-eabi/lib/thumb/v8-m.main+fp/hard\libc_nano.a(lib_a-impure.o)
                              c:/siliconlabs/simplicitystudio/v5/developer/toolchains/gnu_arm/10.3_2021.10/bin/../lib/gcc/arm-none-eabi/10.3.1/../../../../arm-none-eabi/lib/thumb/v8-m.main+fp/hard\libc_nano.a(lib_a-exit.o) (_global_impure_ptr)
c:/siliconlabs/simplicitystudio/v5/developer/toolchains/gnu_arm/10.3_2021.10/bin/../lib/gcc/arm-none-eabi/10.3.1/../../../../arm-none-eabi/lib/thumb/v8-m.main+fp/hard\libc_nano.a(lib_a-init.o)
                              c:/siliconlabs/simplicitystudio/v5/developer/toolchains/gnu_arm/10.3_2021.10/bin/../lib/gcc/arm-none-eabi/10.3.1/../../../../arm-none-eabi/lib/thumb/v8-m.main+fp/hard/crt0.o (__libc_init_array)
c:/siliconlabs/simplicitystudio/v5/developer/toolchains/gnu_arm/10.3_2021.10/bin/../lib/gcc/arm-none-eabi/10.3.1/../../../../arm-none-eabi/lib/thumb/v8-m.main+fp/hard\libc_nano.a(lib_a-memset.o)
                              c:/siliconlabs/simplicitystudio/v5/developer/toolchains/gnu_arm/10.3_2021.10/bin/../lib/gcc/arm-none-eabi/10.3.1/../../../../arm-none-eabi/lib/thumb/v8-m.main+fp/hard/crt0.o (memset)
c:/siliconlabs/simplicitystudio/v5/developer/toolchains/gnu_arm/10.3_2021.10/bin/../lib/gcc/arm-none-eabi/10.3.1/../../../../arm-none-eabi/lib/thumb/v8-m.main+fp/hard\libnosys.a(_exit.o)
                              c:/siliconlabs/simplicitystudio/v5/developer/toolchains/gnu_arm/10.3_2021.10/bin/../lib/gcc/arm-none-eabi/10.3.1/../../../../arm-none-eabi/lib/thumb/v8-m.main+fp/hard\libc_nano.a(lib_a-exit.o) (_exit)

Discarded input sections

 .text          0x00000000        0x0 c:/siliconlabs/simplicitystudio/v5/developer/toolchains/gnu_arm/10.3_2021.10/bin/../lib/gcc/arm-none-eabi/10.3.1/thumb/v8-m.main+fp/hard/crti.o
 .data          0x00000000        0x0 c:/siliconlabs/simplicitystudio/v5/developer/toolchains/gnu_arm/10.3_2021.10/bin/../lib/gcc/arm-none-eabi/10.3.1/thumb/v8-m.main+fp/hard/crti.o
 .bss           0x00000000        0x0 c:/siliconlabs/simplicitystudio/v5/developer/toolchains/gnu_arm/10.3_2021.10/bin/../lib/gcc/arm-none-eabi/10.3.1/thumb/v8-m.main+fp/hard/crti.o
 .data          0x00000000        0x4 c:/siliconlabs/simplicitystudio/v5/developer/toolchains/gnu_arm/10.3_2021.10/bin/../lib/gcc/arm-none-eabi/10.3.1/thumb/v8-m.main+fp/hard/crtbegin.o
 .rodata        0x00000000       0x24 c:/siliconlabs/simplicitystudio/v5/developer/toolchains/gnu_arm/10.3_2021.10/bin/../lib/gcc/arm-none-eabi/10.3.1/thumb/v8-m.main+fp/hard/crtbegin.o
 .data          0x00000000        0x0 c:/siliconlabs/simplicitystudio/v5/developer/toolchains/gnu_arm/10.3_2021.10/bin/../lib/gcc/arm-none-eabi/10.3.1/../../../../arm-none-eabi/lib/thumb/v8-m.main+fp/hard/crt0.o
 .bss           0x00000000        0x0 c:/siliconlabs/simplicitystudio/v5/developer/toolchains/gnu_arm/10.3_2021.10/bin/../lib/gcc/arm-none-eabi/10.3.1/../../../../arm-none-eabi/lib/thumb/v8-m.main+fp/hard/crt0.o
 .ARM.extab     0x00000000        0x0 c:/siliconlabs/simplicitystudio/v5/developer/toolchains/gnu_arm/10.3_2021.10/bin/../lib/gcc/arm-none-eabi/10.3.1/../../../../arm-none-eabi/lib/thumb/v8-m.main+fp/hard/crt0.o
[...]
Memory Configuration

Name             Origin             Length             Attributes
FLASH            0x00000000         0x0007e000         xr
RAM              0x20000000         0x00008000         xrw
*default*        0x00000000         0xffffffff

Linker script and memory map

LOAD c:/siliconlabs/simplicitystudio/v5/developer/toolchains/gnu_arm/10.3_2021.10/bin/../lib/gcc/arm-none-eabi/10.3.1/thumb/v8-m.main+fp/hard/crti.o
LOAD c:/siliconlabs/simplicitystudio/v5/developer/toolchains/gnu_arm/10.3_2021.10/bin/../lib/gcc/arm-none-eabi/10.3.1/thumb/v8-m.main+fp/hard/crtbegin.o
LOAD c:/siliconlabs/simplicitystudio/v5/developer/toolchains/gnu_arm/10.3_2021.10/bin/../lib/gcc/arm-none-eabi/10.3.1/../../../../arm-none-eabi/lib/thumb/v8-m.main+fp/hard/crt0.o
START GROUP
LOAD ./app.o
LOAD ./main.o
LOAD ./autogen/sl_board_default_init.o
LOAD ./autogen/sl_device_init_clocks.o
LOAD ./autogen/sl_event_handler.o
LOAD ./gecko_sdk_4.1.1/hardware/board/src/sl_board_control_gpio.o
LOAD ./gecko_sdk_4.1.1/hardware/board/src/sl_board_init.o
LOAD ./gecko_sdk_4.1.1/hardware/driver/mx25_flash_shutdown/src/sl_mx25_flash_shutdown_usart/sl_mx25_flash_shutdown.o
LOAD ./gecko_sdk_4.1.1/platform/Device/SiliconLabs/EFR32BG22/Source/startup_efr32bg22.o
LOAD ./gecko_sdk_4.1.1/platform/Device/SiliconLabs/EFR32BG22/Source/system_efr32bg22.o
LOAD ./gecko_sdk_4.1.1/platform/common/src/sl_assert.o
LOAD ./gecko_sdk_4.1.1/platform/common/toolchain/src/sl_memory.o
LOAD ./gecko_sdk_4.1.1/platform/emlib/src/em_cmu.o
LOAD ./gecko_sdk_4.1.1/platform/emlib/src/em_core.o
LOAD ./gecko_sdk_4.1.1/platform/emlib/src/em_emu.o
LOAD ./gecko_sdk_4.1.1/platform/emlib/src/em_gpio.o
LOAD ./gecko_sdk_4.1.1/platform/emlib/src/em_msc.o
LOAD ./gecko_sdk_4.1.1/platform/emlib/src/em_system.o
LOAD ./gecko_sdk_4.1.1/platform/emlib/src/em_usart.o
LOAD ./gecko_sdk_4.1.1/platform/service/device_init/src/sl_device_init_dcdc_s2.o
LOAD ./gecko_sdk_4.1.1/platform/service/device_init/src/sl_device_init_emu_s2.o
LOAD ./gecko_sdk_4.1.1/platform/service/device_init/src/sl_device_init_hfxo_s2.o
LOAD ./gecko_sdk_4.1.1/platform/service/device_init/src/sl_device_init_lfxo_s2.o
LOAD ./gecko_sdk_4.1.1/platform/service/device_init/src/sl_device_init_nvic.o
LOAD ./gecko_sdk_4.1.1/platform/service/system/src/sl_system_init.o
LOAD ./gecko_sdk_4.1.1/platform/service/system/src/sl_system_process_action.o
LOAD ./gecko_sdk_4.1.1/platform/service/udelay/src/sl_udelay.o
LOAD ./gecko_sdk_4.1.1/platform/service/udelay/src/sl_udelay_armv6m_gcc.o
LOAD c:/siliconlabs/simplicitystudio/v5/developer/toolchains/gnu_arm/10.3_2021.10/bin/../lib/gcc/arm-none-eabi/10.3.1/../../../../arm-none-eabi/lib/thumb/v8-m.main+fp/hard\libstdc++_nano.a
LOAD c:/siliconlabs/simplicitystudio/v5/developer/toolchains/gnu_arm/10.3_2021.10/bin/../lib/gcc/arm-none-eabi/10.3.1/thumb/v8-m.main+fp/hard\libgcc.a
LOAD c:/siliconlabs/simplicitystudio/v5/developer/toolchains/gnu_arm/10.3_2021.10/bin/../lib/gcc/arm-none-eabi/10.3.1/../../../../arm-none-eabi/lib/thumb/v8-m.main+fp/hard\libnosys.a
END GROUP
START GROUP
LOAD c:/siliconlabs/simplicitystudio/v5/developer/toolchains/gnu_arm/10.3_2021.10/bin/../lib/gcc/arm-none-eabi/10.3.1/thumb/v8-m.main+fp/hard\libgcc.a
LOAD c:/siliconlabs/simplicitystudio/v5/developer/toolchains/gnu_arm/10.3_2021.10/bin/../lib/gcc/arm-none-eabi/10.3.1/../../../../arm-none-eabi/lib/thumb/v8-m.main+fp/hard\libc_nano.a
LOAD c:/siliconlabs/simplicitystudio/v5/developer/toolchains/gnu_arm/10.3_2021.10/bin/../lib/gcc/arm-none-eabi/10.3.1/../../../../arm-none-eabi/lib/thumb/v8-m.main+fp/hard\libnosys.a
END GROUP
LOAD c:/siliconlabs/simplicitystudio/v5/developer/toolchains/gnu_arm/10.3_2021.10/bin/../lib/gcc/arm-none-eabi/10.3.1/../../../../arm-none-eabi/lib/thumb/v8-m.main+fp/hard\libstdc++_nano.a
LOAD c:/siliconlabs/simplicitystudio/v5/developer/toolchains/gnu_arm/10.3_2021.10/bin/../lib/gcc/arm-none-eabi/10.3.1/../../../../arm-none-eabi/lib/thumb/v8-m.main+fp/hard\libm.a
LOAD c:/siliconlabs/simplicitystudio/v5/developer/toolchains/gnu_arm/10.3_2021.10/bin/../lib/gcc/arm-none-eabi/10.3.1/../../../../arm-none-eabi/lib/thumb/v8-m.main+fp/hard\libc_nano.a
START GROUP
LOAD c:/siliconlabs/simplicitystudio/v5/developer/toolchains/gnu_arm/10.3_2021.10/bin/../lib/gcc/arm-none-eabi/10.3.1/thumb/v8-m.main+fp/hard\libgcc.a
LOAD c:/siliconlabs/simplicitystudio/v5/developer/toolchains/gnu_arm/10.3_2021.10/bin/../lib/gcc/arm-none-eabi/10.3.1/../../../../arm-none-eabi/lib/thumb/v8-m.main+fp/hard\libg_nano.a
LOAD c:/siliconlabs/simplicitystudio/v5/developer/toolchains/gnu_arm/10.3_2021.10/bin/../lib/gcc/arm-none-eabi/10.3.1/../../../../arm-none-eabi/lib/thumb/v8-m.main+fp/hard\libc_nano.a
END GROUP
START GROUP
LOAD c:/siliconlabs/simplicitystudio/v5/developer/toolchains/gnu_arm/10.3_2021.10/bin/../lib/gcc/arm-none-eabi/10.3.1/thumb/v8-m.main+fp/hard\libgcc.a
LOAD c:/siliconlabs/simplicitystudio/v5/developer/toolchains/gnu_arm/10.3_2021.10/bin/../lib/gcc/arm-none-eabi/10.3.1/../../../../arm-none-eabi/lib/thumb/v8-m.main+fp/hard\libc_nano.a
LOAD c:/siliconlabs/simplicitystudio/v5/developer/toolchains/gnu_arm/10.3_2021.10/bin/../lib/gcc/arm-none-eabi/10.3.1/../../../../arm-none-eabi/lib/thumb/v8-m.main+fp/hard\libnosys.a
END GROUP
START GROUP
LOAD c:/siliconlabs/simplicitystudio/v5/developer/toolchains/gnu_arm/10.3_2021.10/bin/../lib/gcc/arm-none-eabi/10.3.1/thumb/v8-m.main+fp/hard\libgcc.a
LOAD c:/siliconlabs/simplicitystudio/v5/developer/toolchains/gnu_arm/10.3_2021.10/bin/../lib/gcc/arm-none-eabi/10.3.1/../../../../arm-none-eabi/lib/thumb/v8-m.main+fp/hard\libc_nano.a
LOAD c:/siliconlabs/simplicitystudio/v5/developer/toolchains/gnu_arm/10.3_2021.10/bin/../lib/gcc/arm-none-eabi/10.3.1/../../../../arm-none-eabi/lib/thumb/v8-m.main+fp/hard\libnosys.a
END GROUP
LOAD c:/siliconlabs/simplicitystudio/v5/developer/toolchains/gnu_arm/10.3_2021.10/bin/../lib/gcc/arm-none-eabi/10.3.1/thumb/v8-m.main+fp/hard/crtend.o
LOAD c:/siliconlabs/simplicitystudio/v5/developer/toolchains/gnu_arm/10.3_2021.10/bin/../lib/gcc/arm-none-eabi/10.3.1/thumb/v8-m.main+fp/hard/crtn.o

.text           0x00000000     0x1f84
                0x00000000                linker_vectors_begin = .
 *(.vectors)
 .vectors       0x00000000      0x140 ./gecko_sdk_4.1.1/platform/Device/SiliconLabs/EFR32BG22/Source/startup_efr32bg22.o
                0x00000000                __Vectors
                0x00000140                linker_vectors_end = .
                0x00000140                __Vectors_End = .
                0x00000140                __Vectors_Size = (__Vectors_End - __Vectors)
                0x00000140                linker_code_begin = .
 *(.text*)
 .text          0x00000140       0x40 c:/siliconlabs/simplicitystudio/v5/developer/toolchains/gnu_arm/10.3_2021.10/bin/../lib/gcc/arm-none-eabi/10.3.1/thumb/v8-m.main+fp/hard/crtbegin.o
 .text          0x00000180       0x7c c:/siliconlabs/simplicitystudio/v5/developer/toolchains/gnu_arm/10.3_2021.10/bin/../lib/gcc/arm-none-eabi/10.3.1/../../../../arm-none-eabi/lib/thumb/v8-m.main+fp/hard/crt0.o
                0x00000180                _stack_init
                0x00000188                _start
                0x00000188                _mainCRTStartup
 .text._Z8app_initv
                0x000001fc        0x2 ./app.o
                0x000001fc                app_init()
 .text._ZN4gpioC2Eimh
                0x000001fe       0x16 ./app.o
                0x000001fe                gpio::gpio(int, unsigned long, unsigned char)
                0x000001fe                gpio::gpio(int, unsigned long, unsigned char)
 .text._ZN4gpio6setPinEv
                0x00000214        0xc ./app.o
                0x00000214                gpio::setPin()
 .text._ZN4gpio8clearPinEv
                0x00000220        0xc ./app.o
                0x00000220                gpio::clearPin()
 .text._ZN5delay13execute_delayEv
                0x0000022c       0x24 ./app.o
                0x0000022c                delay::execute_delay()
 .text._Z18app_process_actionv
                0x00000250       0x34 ./app.o
                0x00000250                app_process_action()
 .text.startup.main
                0x00000284       0x14 ./main.o
                0x00000284                main
 .text.sl_board_default_init
                0x00000298       0x18 ./autogen/sl_board_default_init.o
                0x00000298                sl_board_default_init
 .text.sl_device_init_clocks
                0x000002b0       0x46 ./autogen/sl_device_init_clocks.o
                0x000002b0                sl_device_init_clocks
 *fill*         0x000002f6        0x2 
 .text.sl_platform_init
                0x000002f8       0x60 ./autogen/sl_event_handler.o
                0x000002f8                sl_platform_init
 .text.sl_driver_init
                0x00000358        0x2 ./autogen/sl_event_handler.o
                0x00000358                sl_driver_init
 .text.sl_service_init
                0x0000035a        0x4 ./autogen/sl_event_handler.o
                0x0000035a                sl_service_init
 .text.sl_stack_init
                0x0000035e        0x2 ./autogen/sl_event_handler.o
                0x0000035e                sl_stack_init
 .text.sl_internal_app_init
                0x00000360        0x2 ./autogen/sl_event_handler.o
                0x00000360                sl_internal_app_init
 .text.sl_platform_process_action
                0x00000362        0x2 ./autogen/sl_event_handler.o
                0x00000362                sl_platform_process_action
 .text.sl_service_process_action
                0x00000364        0x2 ./autogen/sl_event_handler.o
                0x00000364                sl_service_process_action
 .text.sl_stack_process_action
                0x00000366        0x2 ./autogen/sl_event_handler.o
                0x00000366                sl_stack_process_action
 .text.sl_internal_app_process_action
                0x00000368        0x2 ./autogen/sl_event_handler.o
                0x00000368                sl_internal_app_process_action
 .text.sl_board_configure_vcom
                0x0000036a        0x4 ./gecko_sdk_4.1.1/hardware/board/src/sl_board_control_gpio.o
                0x0000036a                sl_board_configure_vcom
 *fill*         0x0000036e        0x2 
 .text.sl_board_disable_sensor
                0x00000370       0x5c ./gecko_sdk_4.1.1/hardware/board/src/sl_board_control_gpio.o
                0x00000370                sl_board_disable_sensor
 .text.sl_board_init
                0x000003cc       0x16 ./gecko_sdk_4.1.1/hardware/board/src/sl_board_init.o
                0x000003cc                sl_board_init
 .text.sl_board_preinit
                0x000003e2        0x8 ./gecko_sdk_4.1.1/hardware/board/src/sl_board_init.o
                0x000003e2                sl_board_preinit
 *fill*         0x000003ea        0x2 
 .text.cs_high  0x000003ec        0xc ./gecko_sdk_4.1.1/hardware/driver/mx25_flash_shutdown/src/sl_mx25_flash_shutdown_usart/sl_mx25_flash_shutdown.o
 .text.cs_low   0x000003f8        0xc ./gecko_sdk_4.1.1/hardware/driver/mx25_flash_shutdown/src/sl_mx25_flash_shutdown_usart/sl_mx25_flash_shutdown.o
 .text.sl_mx25_flash_shutdown
                0x00000404      0x114 ./gecko_sdk_4.1.1/hardware/driver/mx25_flash_shutdown/src/sl_mx25_flash_shutdown_usart/sl_mx25_flash_shutdown.o
                0x00000404                sl_mx25_flash_shutdown
 .text.Default_Handler
                0x00000518        0x2 ./gecko_sdk_4.1.1/platform/Device/SiliconLabs/EFR32BG22/Source/startup_efr32bg22.o
                0x00000518                ULFRCO_IRQHandler
                0x00000518                SW2_IRQHandler
                0x00000518                TIMER2_IRQHandler
                0x00000518                DebugMon_Handler
                0x00000518                PKE_IRQHandler
                0x00000518                USART0_TX_IRQHandler
                0x00000518                PRORTC_IRQHandler
                0x00000518                IADC_IRQHandler
                0x00000518                I2C0_IRQHandler
                0x00000518                LFXO_IRQHandler
                0x00000518                CRYPTOACC_IRQHandler
                0x00000518                HardFault_Handler
                0x00000518                SMU_SECURE_IRQHandler
                0x00000518                SysTick_Handler
                0x00000518                USART1_RX_IRQHandler
                0x00000518                EMUEFP_IRQHandler
                0x00000518                PendSV_Handler
                0x00000518                NMI_Handler
                0x00000518                SYNTH_IRQHandler
                0x00000518                HFXO0_IRQHandler
                0x00000518                I2C1_IRQHandler
                0x00000518                PDM_IRQHandler
                0x00000518                WDOG0_IRQHandler
                0x00000518                TIMER3_IRQHandler
                0x00000518                SYSCFG_IRQHandler
                0x00000518                EMUSE_IRQHandler
                0x00000518                EMUDG_IRQHandler
                0x00000518                USART1_TX_IRQHandler
                0x00000518                MSC_IRQHandler
                0x00000518                DPLL0_IRQHandler
                0x00000518                UsageFault_Handler
                0x00000518                M33CTI1_IRQHandler
                0x00000518                TIMER4_IRQHandler
                0x00000518                GPIO_EVEN_IRQHandler
                0x00000518                LDMA_IRQHandler
                0x00000518                SW0_IRQHandler
                0x00000518                TIMER0_IRQHandler
                0x00000518                LETIMER0_IRQHandler
                0x00000518                TIMER1_IRQHandler
                0x00000518                HFRCO0_IRQHandler
                0x00000518                RFSENSE_IRQHandler
                0x00000518                SecureFault_Handler
                0x00000518                BUFC_IRQHandler
                0x00000518                DCDC_IRQHandler
                0x00000518                MODEM_IRQHandler
                0x00000518                Default_Handler
                0x00000518                RAC_SEQ_IRQHandler
                0x00000518                FRC_PRI_IRQHandler
                0x00000518                EMU_IRQHandler
                0x00000518                SW3_IRQHandler
                0x00000518                KERNEL0_IRQHandler
                0x00000518                FRC_IRQHandler
                0x00000518                KERNEL1_IRQHandler
                0x00000518                AGC_IRQHandler
                0x00000518                sl_app_properties
                0x00000518                BURTC_IRQHandler
                0x00000518                LFRCO_IRQHandler
                0x00000518                USART0_RX_IRQHandler
                0x00000518                MemManage_Handler
                0x00000518                RDMAILBOX_IRQHandler
                0x00000518                SVC_Handler
                0x00000518                RTCC_IRQHandler
                0x00000518                SMU_S_PRIVILEGED_IRQHandler
                0x00000518                SW1_IRQHandler
                0x00000518                CMU_IRQHandler
                0x00000518                RAC_RSM_IRQHandler
                0x00000518                EUART0_TX_IRQHandler
                0x00000518                EUART0_RX_IRQHandler
                0x00000518                GPIO_ODD_IRQHandler
                0x00000518                AES_IRQHandler
                0x00000518                M33CTI0_IRQHandler
                0x00000518                ICACHE0_IRQHandler
                0x00000518                SMU_NS_PRIVILEGED_IRQHandler
                0x00000518                PROTIMER_IRQHandler
                0x00000518                BusFault_Handler
                0x00000518                TRNG_IRQHandler
 *fill*         0x0000051a        0x2 
 .text.Reset_Handler
                0x0000051c       0x60 ./gecko_sdk_4.1.1/platform/Device/SiliconLabs/EFR32BG22/Source/startup_efr32bg22.o
                0x0000051c                Reset_Handler
 .text.SystemInit
                0x0000057c       0x64 ./gecko_sdk_4.1.1/platform/Device/SiliconLabs/EFR32BG22/Source/system_efr32bg22.o
                0x0000057c                SystemInit
 .text.SystemHFRCODPLLClockGet
                0x000005e0        0xc ./gecko_sdk_4.1.1/platform/Device/SiliconLabs/EFR32BG22/Source/system_efr32bg22.o
                0x000005e0                SystemHFRCODPLLClockGet
 .text.SystemSYSCLKGet
                0x000005ec       0x34 ./gecko_sdk_4.1.1/platform/Device/SiliconLabs/EFR32BG22/Source/system_efr32bg22.o
                0x000005ec                SystemSYSCLKGet
 .text.SystemHCLKGet
                0x00000620       0x24 ./gecko_sdk_4.1.1/platform/Device/SiliconLabs/EFR32BG22/Source/system_efr32bg22.o
                0x00000620                SystemHCLKGet
 .text.SystemMaxCoreClockGet
                0x00000644        0x8 ./gecko_sdk_4.1.1/platform/Device/SiliconLabs/EFR32BG22/Source/system_efr32bg22.o
                0x00000644                SystemMaxCoreClockGet
 .text.SystemHFXOClockGet
                0x0000064c        0xc ./gecko_sdk_4.1.1/platform/Device/SiliconLabs/EFR32BG22/Source/system_efr32bg22.o
                0x0000064c                SystemHFXOClockGet
 .text.SystemHFXOClockSet
                0x00000658       0x20 ./gecko_sdk_4.1.1/platform/Device/SiliconLabs/EFR32BG22/Source/system_efr32bg22.o
                0x00000658                SystemHFXOClockSet
 .text.SystemCLKIN0Get
                0x00000678        0x4 ./gecko_sdk_4.1.1/platform/Device/SiliconLabs/EFR32BG22/Source/system_efr32bg22.o
                0x00000678                SystemCLKIN0Get
 .text.SystemFSRCOClockGet
                0x0000067c        0x8 ./gecko_sdk_4.1.1/platform/Device/SiliconLabs/EFR32BG22/Source/system_efr32bg22.o
                0x0000067c                SystemFSRCOClockGet
 .text.SystemLFRCOClockGet
                0x00000684        0x6 ./gecko_sdk_4.1.1/platform/Device/SiliconLabs/EFR32BG22/Source/system_efr32bg22.o
                0x00000684                SystemLFRCOClockGet
 .text.SystemULFRCOClockGet
                0x0000068a        0x6 ./gecko_sdk_4.1.1/platform/Device/SiliconLabs/EFR32BG22/Source/system_efr32bg22.o
                0x0000068a                SystemULFRCOClockGet
 .text.SystemLFXOClockGet
                0x00000690        0xc ./gecko_sdk_4.1.1/platform/Device/SiliconLabs/EFR32BG22/Source/system_efr32bg22.o
                0x00000690                SystemLFXOClockGet
 .text.assertEFM
                0x0000069c        0x2 ./gecko_sdk_4.1.1/platform/common/src/sl_assert.o
                0x0000069c                assertEFM
 *fill*         0x0000069e        0x2 
 .text.EMU_VScaleGet
                0x000006a0       0x18 ./gecko_sdk_4.1.1/platform/emlib/src/em_cmu.o
 .text.em01GrpaClkGet
                0x000006b8       0x54 ./gecko_sdk_4.1.1/platform/emlib/src/em_cmu.o
 .text.iadcClkGet
                0x0000070c       0x54 ./gecko_sdk_4.1.1/platform/emlib/src/em_cmu.o
 .text.em01GrpbClkGet
                0x00000760       0x70 ./gecko_sdk_4.1.1/platform/emlib/src/em_cmu.o
 .text.em23GrpaClkGet
                0x000007d0       0x54 ./gecko_sdk_4.1.1/platform/emlib/src/em_cmu.o
 .text.wdog0ClkGet
                0x00000824       0x60 ./gecko_sdk_4.1.1/platform/emlib/src/em_cmu.o
 .text.rtccClkGet
                0x00000884       0x54 ./gecko_sdk_4.1.1/platform/emlib/src/em_cmu.o
 .text.em4GrpaClkGet
                0x000008d8       0x54 ./gecko_sdk_4.1.1/platform/emlib/src/em_cmu.o
 .text.euart0ClkGet
                0x0000092c       0x48 ./gecko_sdk_4.1.1/platform/emlib/src/em_cmu.o
 .text.CMU_ClockDivGet
                0x00000974       0x84 ./gecko_sdk_4.1.1/platform/emlib/src/em_cmu.o
                0x00000974                CMU_ClockDivGet
 .text.flashWaitStateControl
                0x000009f8       0x4c ./gecko_sdk_4.1.1/platform/emlib/src/em_cmu.o
 .text.waitStateMax
                0x00000a44       0x10 ./gecko_sdk_4.1.1/platform/emlib/src/em_cmu.o
 .text.CMU_ClockEnable
                0x00000a54       0x54 ./gecko_sdk_4.1.1/platform/emlib/src/em_cmu.o
                0x00000a54                CMU_ClockEnable
 .text.CMU_ClockFreqGet
                0x00000aa8      0x194 ./gecko_sdk_4.1.1/platform/emlib/src/em_cmu.o
                0x00000aa8                CMU_ClockFreqGet
 .text.rhclkPrescOptimize
                0x00000c3c       0x20 ./gecko_sdk_4.1.1/platform/emlib/src/em_cmu.o
 .text.CMU_ClockSelectGet
                0x00000c5c      0x168 ./gecko_sdk_4.1.1/platform/emlib/src/em_cmu.o
                0x00000c5c                CMU_ClockSelectGet
 .text.CMU_HFXOInit
                0x00000dc4      0x1e4 ./gecko_sdk_4.1.1/platform/emlib/src/em_cmu.o
                0x00000dc4                CMU_HFXOInit
 .text.CMU_HFXOCTuneDeltaGet
                0x00000fa8        0xc ./gecko_sdk_4.1.1/platform/emlib/src/em_cmu.o
                0x00000fa8                CMU_HFXOCTuneDeltaGet
 .text.CMU_LFXOInit
                0x00000fb4       0xc4 ./gecko_sdk_4.1.1/platform/emlib/src/em_cmu.o
                0x00000fb4                CMU_LFXOInit
 .text.CMU_LFXOPrecisionSet
                0x00001078        0xc ./gecko_sdk_4.1.1/platform/emlib/src/em_cmu.o
                0x00001078                CMU_LFXOPrecisionSet
 .text.CMU_UpdateWaitStates
                0x00001084        0xc ./gecko_sdk_4.1.1/platform/emlib/src/em_cmu.o
                0x00001084                CMU_UpdateWaitStates
 .text.CMU_ClockDivSet
                0x00001090      0x104 ./gecko_sdk_4.1.1/platform/emlib/src/em_cmu.o
                0x00001090                CMU_ClockDivSet
 .text.pclkDivMax
                0x00001194        0xa ./gecko_sdk_4.1.1/platform/emlib/src/em_cmu.o
 *fill*         0x0000119e        0x2 
 .text.pclkDivOptimize
                0x000011a0       0x24 ./gecko_sdk_4.1.1/platform/emlib/src/em_cmu.o
 .text.CMU_ClockSelectSet
                0x000011c4      0x3b8 ./gecko_sdk_4.1.1/platform/emlib/src/em_cmu.o
                0x000011c4                CMU_ClockSelectSet
 .text.CORE_EnterCritical
                0x0000157c        0x8 ./gecko_sdk_4.1.1/platform/emlib/src/em_core.o
                0x0000157c                CORE_EnterCritical
 .text.CORE_ExitCritical
                0x00001584        0x6 ./gecko_sdk_4.1.1/platform/emlib/src/em_core.o
                0x00001584                CORE_ExitCritical
 *fill*         0x0000158a        0x2 
 .text.EMU_EM4Init
                0x0000158c       0x14 ./gecko_sdk_4.1.1/platform/emlib/src/em_emu.o
                0x0000158c                EMU_EM4Init
 .text.EMU_EFPEM01VScale
                0x000015a0        0x2 ./gecko_sdk_4.1.1/platform/emlib/src/em_emu.o
                0x000015a0                EMU_EFPEM01VScale
 *fill*         0x000015a2        0x2 
 .text.EMU_VScaleEM01
                0x000015a4       0xb0 ./gecko_sdk_4.1.1/platform/emlib/src/em_emu.o
                0x000015a4                EMU_VScaleEM01
 .text.EMU_VScaleEM01ByClock
                0x00001654       0x30 ./gecko_sdk_4.1.1/platform/emlib/src/em_emu.o
                0x00001654                EMU_VScaleEM01ByClock
 .text.EMU_DCDCUpdatedHook
                0x00001684        0x2 ./gecko_sdk_4.1.1/platform/emlib/src/em_emu.o
                0x00001684                EMU_DCDCUpdatedHook
 *fill*         0x00001686        0x2 
 .text.EMU_DCDCModeSet
                0x00001688       0x78 ./gecko_sdk_4.1.1/platform/emlib/src/em_emu.o
                0x00001688                EMU_DCDCModeSet
 .text.EMU_DCDCInit
                0x00001700       0x7c ./gecko_sdk_4.1.1/platform/emlib/src/em_emu.o
                0x00001700                EMU_DCDCInit
 .text.GPIO_PinOutSet
                0x0000177c       0x54 ./gecko_sdk_4.1.1/platform/emlib/src/em_gpio.o
 .text.GPIO_PinOutClear
                0x000017d0       0x54 ./gecko_sdk_4.1.1/platform/emlib/src/em_gpio.o
 .text.BUS_RegMaskedWrite
                0x00001824       0x22 ./gecko_sdk_4.1.1/platform/emlib/src/em_gpio.o
 *fill*         0x00001846        0x2 
 .text.GPIO_PinModeSet
                0x00001848       0xa0 ./gecko_sdk_4.1.1/platform/emlib/src/em_gpio.o
                0x00001848                GPIO_PinModeSet
 .text.USART_BaudrateSyncSet
                0x000018e8       0x48 ./gecko_sdk_4.1.1/platform/emlib/src/em_usart.o
                0x000018e8                USART_BaudrateSyncSet
 .text.USART_Reset
                0x00001930       0x78 ./gecko_sdk_4.1.1/platform/emlib/src/em_usart.o
                0x00001930                USART_Reset
 .text.USART_InitSync
                0x000019a8       0xdc ./gecko_sdk_4.1.1/platform/emlib/src/em_usart.o
                0x000019a8                USART_InitSync
 .text.USART_SpiTransfer
                0x00001a84       0x14 ./gecko_sdk_4.1.1/platform/emlib/src/em_usart.o
                0x00001a84                USART_SpiTransfer
 .text.sl_device_init_dcdc
                0x00001a98       0x20 ./gecko_sdk_4.1.1/platform/service/device_init/src/sl_device_init_dcdc_s2.o
                0x00001a98                sl_device_init_dcdc
 .text.sl_device_init_emu
                0x00001ab8       0x24 ./gecko_sdk_4.1.1/platform/service/device_init/src/sl_device_init_emu_s2.o
                0x00001ab8                sl_device_init_emu
 .text.sl_device_init_hfxo
                0x00001adc       0x6c ./gecko_sdk_4.1.1/platform/service/device_init/src/sl_device_init_hfxo_s2.o
                0x00001adc                sl_device_init_hfxo
 .text.sl_device_init_lfxo
                0x00001b48       0x2c ./gecko_sdk_4.1.1/platform/service/device_init/src/sl_device_init_lfxo_s2.o
                0x00001b48                sl_device_init_lfxo
 .text.sl_device_init_nvic
                0x00001b74       0x3c ./gecko_sdk_4.1.1/platform/service/device_init/src/sl_device_init_nvic.o
                0x00001b74                sl_device_init_nvic
 .text.sl_system_init
                0x00001bb0       0x1a ./gecko_sdk_4.1.1/platform/service/system/src/sl_system_init.o
                0x00001bb0                sl_system_init
 .text.sl_system_process_action
                0x00001bca       0x16 ./gecko_sdk_4.1.1/platform/service/system/src/sl_system_process_action.o
                0x00001bca                sl_system_process_action
 .text.sl_udelay_wait
                0x00001be0       0x58 ./gecko_sdk_4.1.1/platform/service/udelay/src/sl_udelay.o
                0x00001be0                sl_udelay_wait
 *fill*         0x00001c38        0x8 
 .text          0x00001c40        0x8 ./gecko_sdk_4.1.1/platform/service/udelay/src/sl_udelay_armv6m_gcc.o
                0x00001c40                sli_delay_loop
 .text.exit     0x00001c48       0x28 c:/siliconlabs/simplicitystudio/v5/developer/toolchains/gnu_arm/10.3_2021.10/bin/../lib/gcc/arm-none-eabi/10.3.1/../../../../arm-none-eabi/lib/thumb/v8-m.main+fp/hard\libc_nano.a(lib_a-exit.o)
                0x00001c48                exit
 .text.__libc_init_array
                0x00001c70       0x48 c:/siliconlabs/simplicitystudio/v5/developer/toolchains/gnu_arm/10.3_2021.10/bin/../lib/gcc/arm-none-eabi/10.3.1/../../../../arm-none-eabi/lib/thumb/v8-m.main+fp/hard\libc_nano.a(lib_a-init.o)
                0x00001c70                __libc_init_array
 .text.memset   0x00001cb8       0x10 c:/siliconlabs/simplicitystudio/v5/developer/toolchains/gnu_arm/10.3_2021.10/bin/../lib/gcc/arm-none-eabi/10.3.1/../../../../arm-none-eabi/lib/thumb/v8-m.main+fp/hard\libc_nano.a(lib_a-memset.o)
                0x00001cb8                memset
 .text._exit    0x00001cc8        0x4 c:/siliconlabs/simplicitystudio/v5/developer/toolchains/gnu_arm/10.3_2021.10/bin/../lib/gcc/arm-none-eabi/10.3.1/../../../../arm-none-eabi/lib/thumb/v8-m.main+fp/hard\libnosys.a(_exit.o)
                0x00001cc8                _exit
                0x00001ccc                linker_code_end = .
 *(.init)
 .init          0x00001ccc        0x4 c:/siliconlabs/simplicitystudio/v5/developer/toolchains/gnu_arm/10.3_2021.10/bin/../lib/gcc/arm-none-eabi/10.3.1/thumb/v8-m.main+fp/hard/crti.o
                0x00001ccc                _init
 .init          0x00001cd0        0x8 c:/siliconlabs/simplicitystudio/v5/developer/toolchains/gnu_arm/10.3_2021.10/bin/../lib/gcc/arm-none-eabi/10.3.1/thumb/v8-m.main+fp/hard/crtn.o
 *(.fini)
 .fini          0x00001cd8        0x4 c:/siliconlabs/simplicitystudio/v5/developer/toolchains/gnu_arm/10.3_2021.10/bin/../lib/gcc/arm-none-eabi/10.3.1/thumb/v8-m.main+fp/hard/crti.o
                0x00001cd8                _fini
 .fini          0x00001cdc        0x8 c:/siliconlabs/simplicitystudio/v5/developer/toolchains/gnu_arm/10.3_2021.10/bin/../lib/gcc/arm-none-eabi/10.3.1/thumb/v8-m.main+fp/hard/crtn.o
 *crtbegin.o(.ctors)
 *crtbegin?.o(.ctors)
 *(EXCLUDE_FILE(*crtend.o *crtend?.o) .ctors)
 *(SORT_BY_NAME(.ctors.*))
 *(.ctors)
 *crtbegin.o(.dtors)
 *crtbegin?.o(.dtors)
 *(EXCLUDE_FILE(*crtend.o *crtend?.o) .dtors)
 *(SORT_BY_NAME(.dtors.*))
 *(.dtors)
 *(.rodata*)
 .rodata.sl_board_enable_sensor.str1.1
                0x00001ce4       0x5a ./gecko_sdk_4.1.1/hardware/board/src/sl_board_control_gpio.o
 *fill*         0x00001d3e        0x2 
 .rodata        0x00001d40       0x1c ./gecko_sdk_4.1.1/hardware/driver/mx25_flash_shutdown/src/sl_mx25_flash_shutdown_usart/sl_mx25_flash_shutdown.o
 .rodata.HFRCODPLLDevinfoGet.str1.1
                0x00001d5c       0x4b ./gecko_sdk_4.1.1/platform/emlib/src/em_cmu.o
 .rodata.CSWTCH.64
                0x00001da7        0x4 ./gecko_sdk_4.1.1/platform/emlib/src/em_cmu.o
 .rodata.CSWTCH.66
                0x00001dab        0x6 ./gecko_sdk_4.1.1/platform/emlib/src/em_cmu.o
 .rodata.EMU_VScaleEM01.str1.1
                0x00001db1       0x4b ./gecko_sdk_4.1.1/platform/emlib/src/em_emu.o
 .rodata.GPIO_PinOutSet.str1.1
                0x00001dfc       0x4c ./gecko_sdk_4.1.1/platform/emlib/src/em_gpio.o
 .rodata.GPIO_ExtIntConfig.str1.1
                0x00001e48       0x4c ./gecko_sdk_4.1.1/platform/emlib/src/em_gpio.o
 .rodata.USART_BaudrateAsyncSet.str1.1
                0x00001e94       0x4d ./gecko_sdk_4.1.1/platform/emlib/src/em_usart.o
 .rodata        0x00001ee1        0x8 ./gecko_sdk_4.1.1/platform/service/device_init/src/sl_device_init_dcdc_s2.o
 *fill*         0x00001ee9        0x3 
 .rodata        0x00001eec       0x28 ./gecko_sdk_4.1.1/platform/service/device_init/src/sl_device_init_hfxo_s2.o
 .rodata        0x00001f14       0x14 ./gecko_sdk_4.1.1/platform/service/device_init/src/sl_device_init_lfxo_s2.o
 .rodata.sl_udelay_wait.str1.1
                0x00001f28       0x57 ./gecko_sdk_4.1.1/platform/service/udelay/src/sl_udelay.o
 *fill*         0x00001f7f        0x1 
 .rodata._global_impure_ptr
                0x00001f80        0x4 c:/siliconlabs/simplicitystudio/v5/developer/toolchains/gnu_arm/10.3_2021.10/bin/../lib/gcc/arm-none-eabi/10.3.1/../../../../arm-none-eabi/lib/thumb/v8-m.main+fp/hard\libc_nano.a(lib_a-impure.o)
                0x00001f80                _global_impure_ptr
 *(.eh_frame*)
 .eh_frame      0x00001f84        0x0 c:/siliconlabs/simplicitystudio/v5/developer/toolchains/gnu_arm/10.3_2021.10/bin/../lib/gcc/arm-none-eabi/10.3.1/thumb/v8-m.main+fp/hard/crtbegin.o

.glue_7         0x00001f84        0x0
 .glue_7        0x00001f84        0x0 linker stubs

.glue_7t        0x00001f84        0x0
 .glue_7t       0x00001f84        0x0 linker stubs

.vfp11_veneer   0x00001f84        0x0
 .vfp11_veneer  0x00001f84        0x0 linker stubs

.v4_bx          0x00001f84        0x0
 .v4_bx         0x00001f84        0x0 linker stubs

.iplt           0x00001f84        0x0
 .iplt          0x00001f84        0x0 c:/siliconlabs/simplicitystudio/v5/developer/toolchains/gnu_arm/10.3_2021.10/bin/../lib/gcc/arm-none-eabi/10.3.1/thumb/v8-m.main+fp/hard/crtbegin.o

.ARM.extab
 *(.ARM.extab* .gnu.linkonce.armextab.*)
                0x00001f84                __exidx_start = .

.ARM.exidx      0x00001f84        0x8
 *(.ARM.exidx* .gnu.linkonce.armexidx.*)
 .ARM.exidx     0x00001f84        0x8 c:/siliconlabs/simplicitystudio/v5/developer/toolchains/gnu_arm/10.3_2021.10/bin/../lib/gcc/arm-none-eabi/10.3.1/../../../../arm-none-eabi/lib/thumb/v8-m.main+fp/hard/crt0.o
                                 0x10 (size before relaxing)
                0x00001f8c                __exidx_end = .

.rel.dyn        0x00001f8c        0x0
 .rel.iplt      0x00001f8c        0x0 c:/siliconlabs/simplicitystudio/v5/developer/toolchains/gnu_arm/10.3_2021.10/bin/../lib/gcc/arm-none-eabi/10.3.1/thumb/v8-m.main+fp/hard/crtbegin.o

.copy.table     0x00001f8c        0xc
                0x00001f8c                . = ALIGN (0x4)
                0x00001f8c                __copy_table_start__ = .
                0x00001f8c        0x4 LONG 0x1f98 __etext
                0x00001f90        0x4 LONG 0x20001000 __data_start__
                0x00001f94        0x4 LONG 0x1f ((__data_end__ - __data_start__) / 0x4)
                0x00001f98                __copy_table_end__ = .

.zero.table     0x00001f98        0x0
                0x00001f98                . = ALIGN (0x4)
                0x00001f98                __zero_table_start__ = .
                0x00001f98                __zero_table_end__ = .
                0x00001f98                __etext = .
                0x20000000                . = ORIGIN (RAM)

.stack          0x20000000     0x1000
                0x20000000                __StackLimit = .
 *(.stack*)
 .stack         0x20000000     0x1000 ./gecko_sdk_4.1.1/platform/common/toolchain/src/sl_memory.o
                0x20001000                . = ALIGN (0x4)
                0x20001000                __StackTop = .
                0x20001000                PROVIDE (__stack = __StackTop)

.noinit
 *(.noinit*)

.data           0x20001000       0x7c load address 0x00001f98
                0x20001000                . = ALIGN (0x4)
                0x20001000                __data_start__ = .
 *(vtable)
 *(.data*)
 .data.SystemCoreClock
                0x20001000        0x4 ./gecko_sdk_4.1.1/platform/Device/SiliconLabs/EFR32BG22/Source/system_efr32bg22.o
                0x20001000                SystemCoreClock
 .data.SystemHFRCODPLLClock
                0x20001004        0x4 ./gecko_sdk_4.1.1/platform/Device/SiliconLabs/EFR32BG22/Source/system_efr32bg22.o
 .data.SystemHFXOClock
                0x20001008        0x4 ./gecko_sdk_4.1.1/platform/Device/SiliconLabs/EFR32BG22/Source/system_efr32bg22.o
 .data.SystemLFXOClock
                0x2000100c        0x4 ./gecko_sdk_4.1.1/platform/Device/SiliconLabs/EFR32BG22/Source/system_efr32bg22.o
 .data.lfxo_precision
                0x20001010        0x2 ./gecko_sdk_4.1.1/platform/emlib/src/em_cmu.o
 *fill*         0x20001012        0x2 
 .data.impure_data
                0x20001014       0x60 c:/siliconlabs/simplicitystudio/v5/developer/toolchains/gnu_arm/10.3_2021.10/bin/../lib/gcc/arm-none-eabi/10.3.1/../../../../arm-none-eabi/lib/thumb/v8-m.main+fp/hard\libc_nano.a(lib_a-impure.o)
                0x20001074                . = ALIGN (0x4)
                [!provide]                PROVIDE (__ram_func_section_start = .)
 *(.ram)
                [!provide]                PROVIDE (__ram_func_section_end = .)
                0x20001074                . = ALIGN (0x4)
                0x20001074                PROVIDE (__preinit_array_start = .)
 *(.preinit_array)
                0x20001074                PROVIDE (__preinit_array_end = .)
                0x20001074                . = ALIGN (0x4)
                0x20001074                PROVIDE (__init_array_start = .)
 *(SORT_BY_NAME(.init_array.*))
 *(.init_array)
 .init_array    0x20001074        0x4 c:/siliconlabs/simplicitystudio/v5/developer/toolchains/gnu_arm/10.3_2021.10/bin/../lib/gcc/arm-none-eabi/10.3.1/thumb/v8-m.main+fp/hard/crtbegin.o
                0x20001078                PROVIDE (__init_array_end = .)
                0x20001078                . = ALIGN (0x4)
                [!provide]                PROVIDE (__fini_array_start = .)
 *(SORT_BY_NAME(.fini_array.*))
 *(.fini_array)
 .fini_array    0x20001078        0x4 c:/siliconlabs/simplicitystudio/v5/developer/toolchains/gnu_arm/10.3_2021.10/bin/../lib/gcc/arm-none-eabi/10.3.1/thumb/v8-m.main+fp/hard/crtbegin.o
                [!provide]                PROVIDE (__fini_array_end = .)
                0x2000107c                . = ALIGN (0x4)
                0x2000107c                __data_end__ = .

.igot.plt       0x2000107c        0x0 load address 0x00002014
 .igot.plt      0x2000107c        0x0 c:/siliconlabs/simplicitystudio/v5/developer/toolchains/gnu_arm/10.3_2021.10/bin/../lib/gcc/arm-none-eabi/10.3.1/thumb/v8-m.main+fp/hard/crtbegin.o

.bss            0x2000107c       0x20 load address 0x00002014
                0x2000107c                . = ALIGN (0x4)
                0x2000107c                __bss_start__ = .
 *(.bss*)
 .bss           0x2000107c       0x1c c:/siliconlabs/simplicitystudio/v5/developer/toolchains/gnu_arm/10.3_2021.10/bin/../lib/gcc/arm-none-eabi/10.3.1/thumb/v8-m.main+fp/hard/crtbegin.o
 .bss.ctuneDelta
                0x20001098        0x1 ./gecko_sdk_4.1.1/platform/emlib/src/em_cmu.o
 .bss.vScaleEM01Config
                0x20001099        0x1 ./gecko_sdk_4.1.1/platform/emlib/src/em_emu.o
 *(COMMON)
                0x2000109c                . = ALIGN (0x4)
 *fill*         0x2000109a        0x2 
                0x2000109c                __bss_end__ = .

.heap           0x200010a0     0x6f60
                0x200010a0                __HeapBase = .
                0x200010a0                __end__ = .
                0x200010a0                end = __end__
                0x200010a0                _end = __end__
 *(.heap*)
 .heap          0x200010a0      0x800 ./gecko_sdk_4.1.1/platform/common/toolchain/src/sl_memory.o
                0x20008000                . = (ORIGIN (RAM) + LENGTH (RAM))
 *fill*         0x200018a0     0x6760 
                0x20008000                __HeapLimit = .
                0x00006f60                __heap_size = (__HeapLimit - __HeapBase)
                0x0007e000                __main_flash_end__ = 0x7e000

.internal_storage
                0x00001f98        0x0
 *(.internal_storage*)

.nvm            0x00001f98        0x0
 *(.simee*)
                0x0007e000                linker_nvm_end = __main_flash_end__
                0x0007e000                linker_nvm_begin = (linker_nvm_end - SIZEOF (.nvm))
                0x00000000                linker_nvm_size = SIZEOF (.nvm)
                0x0007e000                linker_storage_end = linker_nvm_begin
                0x0007e000                __nvm3Base = linker_nvm_begin
                0x0007e000                linker_storage_begin = (linker_storage_end - SIZEOF (.internal_storage))
                0x00000000                linker_storage_size = SIZEOF (.internal_storage)
                0x00000001                ASSERT ((linker_storage_begin >= (__etext + SIZEOF (.data))), FLASH memory overflowed !)
OUTPUT(empty_cpp.axf elf32-littlearm)
LOAD linker stubs

.ARM.attributes
                0x00000000       0x36
 .ARM.attributes
                0x00000000       0x22 c:/siliconlabs/simplicitystudio/v5/developer/toolchains/gnu_arm/10.3_2021.10/bin/../lib/gcc/arm-none-eabi/10.3.1/thumb/v8-m.main+fp/hard/crti.o
 .ARM.attributes
                0x00000022       0x38 c:/siliconlabs/simplicitystudio/v5/developer/toolchains/gnu_arm/10.3_2021.10/bin/../lib/gcc/arm-none-eabi/10.3.1/thumb/v8-m.main+fp/hard/crtbegin.o
 .ARM.attributes
                0x0000005a       0x20 c:/siliconlabs/simplicitystudio/v5/developer/toolchains/gnu_arm/10.3_2021.10/bin/../lib/gcc/arm-none-eabi/10.3.1/../../../../arm-none-eabi/lib/thumb/v8-m.main+fp/hard/crt0.o
 .ARM.attributes
                0x0000007a       0x3a ./app.o
 .ARM.attributes
                0x000000b4       0x3a ./main.o
 .ARM.attributes
                0x000000ee       0x3a ./autogen/sl_board_default_init.o
 .ARM.attributes
                0x00000128       0x3a ./autogen/sl_device_init_clocks.o
 .ARM.attributes
                0x00000162       0x3a ./autogen/sl_event_handler.o
 .ARM.attributes
                0x0000019c       0x3a ./gecko_sdk_4.1.1/hardware/board/src/sl_board_control_gpio.o
 .ARM.attributes
                0x000001d6       0x3a ./gecko_sdk_4.1.1/hardware/board/src/sl_board_init.o
 .ARM.attributes
                0x00000210       0x3a ./gecko_sdk_4.1.1/hardware/driver/mx25_flash_shutdown/src/sl_mx25_flash_shutdown_usart/sl_mx25_flash_shutdown.o
 .ARM.attributes
                0x0000024a       0x3a ./gecko_sdk_4.1.1/platform/Device/SiliconLabs/EFR32BG22/Source/startup_efr32bg22.o
 .ARM.attributes
                0x00000284       0x3a ./gecko_sdk_4.1.1/platform/Device/SiliconLabs/EFR32BG22/Source/system_efr32bg22.o
 .ARM.attributes
                0x000002be       0x3a ./gecko_sdk_4.1.1/platform/common/src/sl_assert.o
 .ARM.attributes
                0x000002f8       0x3a ./gecko_sdk_4.1.1/platform/common/toolchain/src/sl_memory.o
 .ARM.attributes
                0x00000332       0x3a ./gecko_sdk_4.1.1/platform/emlib/src/em_cmu.o
 .ARM.attributes
                0x0000036c       0x3a ./gecko_sdk_4.1.1/platform/emlib/src/em_core.o
 .ARM.attributes
                0x000003a6       0x3a ./gecko_sdk_4.1.1/platform/emlib/src/em_emu.o
 .ARM.attributes
                0x000003e0       0x3a ./gecko_sdk_4.1.1/platform/emlib/src/em_gpio.o
 .ARM.attributes
                0x0000041a       0x3a ./gecko_sdk_4.1.1/platform/emlib/src/em_usart.o
 .ARM.attributes
                0x00000454       0x3a ./gecko_sdk_4.1.1/platform/service/device_init/src/sl_device_init_dcdc_s2.o
 .ARM.attributes
                0x0000048e       0x3a ./gecko_sdk_4.1.1/platform/service/device_init/src/sl_device_init_emu_s2.o
 .ARM.attributes
                0x000004c8       0x3a ./gecko_sdk_4.1.1/platform/service/device_init/src/sl_device_init_hfxo_s2.o
 .ARM.attributes
                0x00000502       0x3a ./gecko_sdk_4.1.1/platform/service/device_init/src/sl_device_init_lfxo_s2.o
 .ARM.attributes
                0x0000053c       0x3a ./gecko_sdk_4.1.1/platform/service/device_init/src/sl_device_init_nvic.o
 .ARM.attributes
                0x00000576       0x3a ./gecko_sdk_4.1.1/platform/service/system/src/sl_system_init.o
 .ARM.attributes
                0x000005b0       0x3a ./gecko_sdk_4.1.1/platform/service/system/src/sl_system_process_action.o
 .ARM.attributes
                0x000005ea       0x3a ./gecko_sdk_4.1.1/platform/service/udelay/src/sl_udelay.o
 .ARM.attributes
                0x00000624       0x26 ./gecko_sdk_4.1.1/platform/service/udelay/src/sl_udelay_armv6m_gcc.o
 .ARM.attributes
                0x0000064a       0x38 c:/siliconlabs/simplicitystudio/v5/developer/toolchains/gnu_arm/10.3_2021.10/bin/../lib/gcc/arm-none-eabi/10.3.1/../../../../arm-none-eabi/lib/thumb/v8-m.main+fp/hard\libc_nano.a(lib_a-exit.o)
 .ARM.attributes
                0x00000682       0x38 c:/siliconlabs/simplicitystudio/v5/developer/toolchains/gnu_arm/10.3_2021.10/bin/../lib/gcc/arm-none-eabi/10.3.1/../../../../arm-none-eabi/lib/thumb/v8-m.main+fp/hard\libc_nano.a(lib_a-impure.o)
 .ARM.attributes
                0x000006ba       0x38 c:/siliconlabs/simplicitystudio/v5/developer/toolchains/gnu_arm/10.3_2021.10/bin/../lib/gcc/arm-none-eabi/10.3.1/../../../../arm-none-eabi/lib/thumb/v8-m.main+fp/hard\libc_nano.a(lib_a-init.o)
 .ARM.attributes
                0x000006f2       0x38 c:/siliconlabs/simplicitystudio/v5/developer/toolchains/gnu_arm/10.3_2021.10/bin/../lib/gcc/arm-none-eabi/10.3.1/../../../../arm-none-eabi/lib/thumb/v8-m.main+fp/hard\libc_nano.a(lib_a-memset.o)
 .ARM.attributes
                0x0000072a       0x38 c:/siliconlabs/simplicitystudio/v5/developer/toolchains/gnu_arm/10.3_2021.10/bin/../lib/gcc/arm-none-eabi/10.3.1/../../../../arm-none-eabi/lib/thumb/v8-m.main+fp/hard\libnosys.a(_exit.o)
 .ARM.attributes
                0x00000762       0x22 c:/siliconlabs/simplicitystudio/v5/developer/toolchains/gnu_arm/10.3_2021.10/bin/../lib/gcc/arm-none-eabi/10.3.1/thumb/v8-m.main+fp/hard/crtn.o

.comment        0x00000000       0x49
 .comment       0x00000000       0x49 ./app.o
                                 0x4a (size before relaxing)
 .comment       0x00000049       0x4a ./main.o
 .comment       0x00000049       0x4a ./autogen/sl_board_default_init.o
 .comment       0x00000049       0x4a ./autogen/sl_device_init_clocks.o
 .comment       0x00000049       0x4a ./autogen/sl_event_handler.o
 .comment       0x00000049       0x4a ./gecko_sdk_4.1.1/hardware/board/src/sl_board_control_gpio.o
 .comment       0x00000049       0x4a ./gecko_sdk_4.1.1/hardware/board/src/sl_board_init.o
 .comment       0x00000049       0x4a ./gecko_sdk_4.1.1/hardware/driver/mx25_flash_shutdown/src/sl_mx25_flash_shutdown_usart/sl_mx25_flash_shutdown.o
 .comment       0x00000049       0x4a ./gecko_sdk_4.1.1/platform/Device/SiliconLabs/EFR32BG22/Source/startup_efr32bg22.o
 .comment       0x00000049       0x4a ./gecko_sdk_4.1.1/platform/Device/SiliconLabs/EFR32BG22/Source/system_efr32bg22.o
 .comment       0x00000049       0x4a ./gecko_sdk_4.1.1/platform/common/src/sl_assert.o
 .comment       0x00000049       0x4a ./gecko_sdk_4.1.1/platform/common/toolchain/src/sl_memory.o
 .comment       0x00000049       0x4a ./gecko_sdk_4.1.1/platform/emlib/src/em_cmu.o
 .comment       0x00000049       0x4a ./gecko_sdk_4.1.1/platform/emlib/src/em_core.o
 .comment       0x00000049       0x4a ./gecko_sdk_4.1.1/platform/emlib/src/em_emu.o
 .comment       0x00000049       0x4a ./gecko_sdk_4.1.1/platform/emlib/src/em_gpio.o
 .comment       0x00000049       0x4a ./gecko_sdk_4.1.1/platform/emlib/src/em_usart.o
 .comment       0x00000049       0x4a ./gecko_sdk_4.1.1/platform/service/device_init/src/sl_device_init_dcdc_s2.o
 .comment       0x00000049       0x4a ./gecko_sdk_4.1.1/platform/service/device_init/src/sl_device_init_emu_s2.o
 .comment       0x00000049       0x4a ./gecko_sdk_4.1.1/platform/service/device_init/src/sl_device_init_hfxo_s2.o
 .comment       0x00000049       0x4a ./gecko_sdk_4.1.1/platform/service/device_init/src/sl_device_init_lfxo_s2.o
 .comment       0x00000049       0x4a ./gecko_sdk_4.1.1/platform/service/device_init/src/sl_device_init_nvic.o
 .comment       0x00000049       0x4a ./gecko_sdk_4.1.1/platform/service/system/src/sl_system_init.o
 .comment       0x00000049       0x4a ./gecko_sdk_4.1.1/platform/service/system/src/sl_system_process_action.o
 .comment       0x00000049       0x4a ./gecko_sdk_4.1.1/platform/service/udelay/src/sl_udelay.o

.debug_info     0x00000000    0x1bffd
 .debug_info    0x00000000     0x1762 ./app.o
 .debug_info    0x00001762       0xef ./main.o
 .debug_info    0x00001851      0x113 ./autogen/sl_board_default_init.o
 .debug_info    0x00001964      0x390 ./autogen/sl_device_init_clocks.o
 .debug_info    0x00001cf4     0x124b ./autogen/sl_event_handler.o
 .debug_info    0x00002f3f      0x47c ./gecko_sdk_4.1.1/hardware/board/src/sl_board_control_gpio.o
 .debug_info    0x000033bb      0x299 ./gecko_sdk_4.1.1/hardware/board/src/sl_board_init.o
 .debug_info    0x00003654     0x201e ./gecko_sdk_4.1.1/hardware/driver/mx25_flash_shutdown/src/sl_mx25_flash_shutdown_usart/sl_mx25_flash_shutdown.o
 .debug_info    0x00005672      0x32b ./gecko_sdk_4.1.1/platform/Device/SiliconLabs/EFR32BG22/Source/startup_efr32bg22.o
 .debug_info    0x0000599d     0x1fc4 ./gecko_sdk_4.1.1/platform/Device/SiliconLabs/EFR32BG22/Source/system_efr32bg22.o
 .debug_info    0x00007961       0x8a ./gecko_sdk_4.1.1/platform/common/src/sl_assert.o
 .debug_info    0x000079eb      0x209 ./gecko_sdk_4.1.1/platform/common/toolchain/src/sl_memory.o
 .debug_info    0x00007bf4     0x7295 ./gecko_sdk_4.1.1/platform/emlib/src/em_cmu.o
 .debug_info    0x0000ee89     0x13a0 ./gecko_sdk_4.1.1/platform/emlib/src/em_core.o
 .debug_info    0x00010229     0x39e7 ./gecko_sdk_4.1.1/platform/emlib/src/em_emu.o
 .debug_info    0x00013c10     0x2189 ./gecko_sdk_4.1.1/platform/emlib/src/em_gpio.o
 .debug_info    0x00015d99     0x4039 ./gecko_sdk_4.1.1/platform/emlib/src/em_usart.o
 .debug_info    0x00019dd2      0x2ad ./gecko_sdk_4.1.1/platform/service/device_init/src/sl_device_init_dcdc_s2.o
 .debug_info    0x0001a07f      0x9ab ./gecko_sdk_4.1.1/platform/service/device_init/src/sl_device_init_emu_s2.o
 .debug_info    0x0001aa2a      0x844 ./gecko_sdk_4.1.1/platform/service/device_init/src/sl_device_init_hfxo_s2.o
 .debug_info    0x0001b26e      0x275 ./gecko_sdk_4.1.1/platform/service/device_init/src/sl_device_init_lfxo_s2.o
 .debug_info    0x0001b4e3      0x80b ./gecko_sdk_4.1.1/platform/service/device_init/src/sl_device_init_nvic.o
 .debug_info    0x0001bcee       0xbe ./gecko_sdk_4.1.1/platform/service/system/src/sl_system_init.o
 .debug_info    0x0001bdac       0xa7 ./gecko_sdk_4.1.1/platform/service/system/src/sl_system_process_action.o
 .debug_info    0x0001be53      0x184 ./gecko_sdk_4.1.1/platform/service/udelay/src/sl_udelay.o
 .debug_info    0x0001bfd7       0x26 ./gecko_sdk_4.1.1/platform/service/udelay/src/sl_udelay_armv6m_gcc.o

.debug_abbrev   0x00000000     0x2d63
 .debug_abbrev  0x00000000      0x358 ./app.o
 .debug_abbrev  0x00000358       0x6a ./main.o
 .debug_abbrev  0x000003c2       0xa4 ./autogen/sl_board_default_init.o
 .debug_abbrev  0x00000466       0xca ./autogen/sl_device_init_clocks.o
 .debug_abbrev  0x00000530      0x1bb ./autogen/sl_event_handler.o
 .debug_abbrev  0x000006eb      0x1c5 ./gecko_sdk_4.1.1/hardware/board/src/sl_board_control_gpio.o
 .debug_abbrev  0x000008b0       0xf6 ./gecko_sdk_4.1.1/hardware/board/src/sl_board_init.o
 .debug_abbrev  0x000009a6      0x201 ./gecko_sdk_4.1.1/hardware/driver/mx25_flash_shutdown/src/sl_mx25_flash_shutdown_usart/sl_mx25_flash_shutdown.o
 .debug_abbrev  0x00000ba7      0x1cc ./gecko_sdk_4.1.1/platform/Device/SiliconLabs/EFR32BG22/Source/startup_efr32bg22.o
 .debug_abbrev  0x00000d73      0x328 ./gecko_sdk_4.1.1/platform/Device/SiliconLabs/EFR32BG22/Source/system_efr32bg22.o
 .debug_abbrev  0x0000109b       0x6f ./gecko_sdk_4.1.1/platform/common/src/sl_assert.o
 .debug_abbrev  0x0000110a      0x121 ./gecko_sdk_4.1.1/platform/common/toolchain/src/sl_memory.o
 .debug_abbrev  0x0000122b      0x53b ./gecko_sdk_4.1.1/platform/emlib/src/em_cmu.o
 .debug_abbrev  0x00001766      0x31b ./gecko_sdk_4.1.1/platform/emlib/src/em_core.o
 .debug_abbrev  0x00001a81      0x4e5 ./gecko_sdk_4.1.1/platform/emlib/src/em_emu.o
 .debug_abbrev  0x00001f66      0x32b ./gecko_sdk_4.1.1/platform/emlib/src/em_gpio.o
 .debug_abbrev  0x00002291      0x339 ./gecko_sdk_4.1.1/platform/emlib/src/em_usart.o
 .debug_abbrev  0x000025ca       0xe3 ./gecko_sdk_4.1.1/platform/service/device_init/src/sl_device_init_dcdc_s2.o
 .debug_abbrev  0x000026ad      0x13d ./gecko_sdk_4.1.1/platform/service/device_init/src/sl_device_init_emu_s2.o
 .debug_abbrev  0x000027ea      0x174 ./gecko_sdk_4.1.1/platform/service/device_init/src/sl_device_init_hfxo_s2.o
 .debug_abbrev  0x0000295e       0xf2 ./gecko_sdk_4.1.1/platform/service/device_init/src/sl_device_init_lfxo_s2.o
 .debug_abbrev  0x00002a50      0x147 ./gecko_sdk_4.1.1/platform/service/device_init/src/sl_device_init_nvic.o
 .debug_abbrev  0x00002b97       0x62 ./gecko_sdk_4.1.1/platform/service/system/src/sl_system_init.o
 .debug_abbrev  0x00002bf9       0x62 ./gecko_sdk_4.1.1/platform/service/system/src/sl_system_process_action.o
 .debug_abbrev  0x00002c5b       0xf4 ./gecko_sdk_4.1.1/platform/service/udelay/src/sl_udelay.o
 .debug_abbrev  0x00002d4f       0x14 ./gecko_sdk_4.1.1/platform/service/udelay/src/sl_udelay_armv6m_gcc.o

.debug_loc      0x00000000     0x63b4
 .debug_loc     0x00000000      0x1e5 ./app.o
 .debug_loc     0x000001e5       0x20 ./main.o
 .debug_loc     0x00000205       0x2c ./autogen/sl_board_default_init.o
 .debug_loc     0x00000231       0x20 ./autogen/sl_device_init_clocks.o
 .debug_loc     0x00000251       0x49 ./autogen/sl_event_handler.o
 .debug_loc     0x0000029a      0x2ba ./gecko_sdk_4.1.1/hardware/board/src/sl_board_control_gpio.o
 .debug_loc     0x00000554       0x2c ./gecko_sdk_4.1.1/hardware/board/src/sl_board_init.o
 .debug_loc     0x00000580       0x90 ./gecko_sdk_4.1.1/hardware/driver/mx25_flash_shutdown/src/sl_mx25_flash_shutdown_usart/sl_mx25_flash_shutdown.o
 .debug_loc     0x00000610       0x8e ./gecko_sdk_4.1.1/platform/Device/SiliconLabs/EFR32BG22/Source/startup_efr32bg22.o
 .debug_loc     0x0000069e      0x111 ./gecko_sdk_4.1.1/platform/Device/SiliconLabs/EFR32BG22/Source/system_efr32bg22.o
 .debug_loc     0x000007af       0x2a ./gecko_sdk_4.1.1/platform/common/src/sl_assert.o
 .debug_loc     0x000007d9       0x9c ./gecko_sdk_4.1.1/platform/common/toolchain/src/sl_memory.o
 .debug_loc     0x00000875     0x31a2 ./gecko_sdk_4.1.1/platform/emlib/src/em_cmu.o
 .debug_loc     0x00003a17      0x8d6 ./gecko_sdk_4.1.1/platform/emlib/src/em_core.o
 .debug_loc     0x000042ed      0x79e ./gecko_sdk_4.1.1/platform/emlib/src/em_emu.o
 .debug_loc     0x00004a8b      0xb55 ./gecko_sdk_4.1.1/platform/emlib/src/em_gpio.o
 .debug_loc     0x000055e0      0xa2e ./gecko_sdk_4.1.1/platform/emlib/src/em_usart.o
 .debug_loc     0x0000600e       0x2c ./gecko_sdk_4.1.1/platform/service/device_init/src/sl_device_init_dcdc_s2.o
 .debug_loc     0x0000603a       0x2c ./gecko_sdk_4.1.1/platform/service/device_init/src/sl_device_init_emu_s2.o
 .debug_loc     0x00006066       0xba ./gecko_sdk_4.1.1/platform/service/device_init/src/sl_device_init_hfxo_s2.o
 .debug_loc     0x00006120       0x38 ./gecko_sdk_4.1.1/platform/service/device_init/src/sl_device_init_lfxo_s2.o
 .debug_loc     0x00006158       0x6f ./gecko_sdk_4.1.1/platform/service/device_init/src/sl_device_init_nvic.o
 .debug_loc     0x000061c7       0x2c ./gecko_sdk_4.1.1/platform/service/system/src/sl_system_init.o
 .debug_loc     0x000061f3       0x2c ./gecko_sdk_4.1.1/platform/service/system/src/sl_system_process_action.o
 .debug_loc     0x0000621f      0x195 ./gecko_sdk_4.1.1/platform/service/udelay/src/sl_udelay.o

.debug_aranges  0x00000000      0x808
 .debug_aranges
                0x00000000       0x58 ./app.o
 .debug_aranges
                0x00000058       0x20 ./main.o
 .debug_aranges
                0x00000078       0x20 ./autogen/sl_board_default_init.o
 .debug_aranges
                0x00000098       0x20 ./autogen/sl_device_init_clocks.o
 .debug_aranges
                0x000000b8       0x30 ./autogen/sl_event_handler.o
 .debug_aranges
                0x000000e8       0x58 ./gecko_sdk_4.1.1/hardware/board/src/sl_board_control_gpio.o
 .debug_aranges
                0x00000140       0x28 ./gecko_sdk_4.1.1/hardware/board/src/sl_board_init.o
 .debug_aranges
                0x00000168       0x30 ./gecko_sdk_4.1.1/hardware/driver/mx25_flash_shutdown/src/sl_mx25_flash_shutdown_usart/sl_mx25_flash_shutdown.o
 .debug_aranges
                0x00000198       0x28 ./gecko_sdk_4.1.1/platform/Device/SiliconLabs/EFR32BG22/Source/startup_efr32bg22.o
 .debug_aranges
                0x000001c0       0x88 ./gecko_sdk_4.1.1/platform/Device/SiliconLabs/EFR32BG22/Source/system_efr32bg22.o
 .debug_aranges
                0x00000248       0x20 ./gecko_sdk_4.1.1/platform/common/src/sl_assert.o
 .debug_aranges
                0x00000268       0x30 ./gecko_sdk_4.1.1/platform/common/toolchain/src/sl_memory.o
 .debug_aranges
                0x00000298      0x150 ./gecko_sdk_4.1.1/platform/emlib/src/em_cmu.o
 .debug_aranges
                0x000003e8       0xe8 ./gecko_sdk_4.1.1/platform/emlib/src/em_core.o
 .debug_aranges
                0x000004d0       0xf8 ./gecko_sdk_4.1.1/platform/emlib/src/em_emu.o
 .debug_aranges
                0x000005c8       0x68 ./gecko_sdk_4.1.1/platform/emlib/src/em_gpio.o
 .debug_aranges
                0x00000630       0xb8 ./gecko_sdk_4.1.1/platform/emlib/src/em_usart.o
 .debug_aranges
                0x000006e8       0x20 ./gecko_sdk_4.1.1/platform/service/device_init/src/sl_device_init_dcdc_s2.o
 .debug_aranges
                0x00000708       0x20 ./gecko_sdk_4.1.1/platform/service/device_init/src/sl_device_init_emu_s2.o
 .debug_aranges
                0x00000728       0x20 ./gecko_sdk_4.1.1/platform/service/device_init/src/sl_device_init_hfxo_s2.o
 .debug_aranges
                0x00000748       0x20 ./gecko_sdk_4.1.1/platform/service/device_init/src/sl_device_init_lfxo_s2.o
 .debug_aranges
                0x00000768       0x20 ./gecko_sdk_4.1.1/platform/service/device_init/src/sl_device_init_nvic.o
 .debug_aranges
                0x00000788       0x20 ./gecko_sdk_4.1.1/platform/service/system/src/sl_system_init.o
 .debug_aranges
                0x000007a8       0x20 ./gecko_sdk_4.1.1/platform/service/system/src/sl_system_process_action.o
 .debug_aranges
                0x000007c8       0x20 ./gecko_sdk_4.1.1/platform/service/udelay/src/sl_udelay.o
 .debug_aranges
                0x000007e8       0x20 ./gecko_sdk_4.1.1/platform/service/udelay/src/sl_udelay_armv6m_gcc.o

.debug_ranges   0x00000000      0xb90
 .debug_ranges  0x00000000       0x60 ./app.o
 .debug_ranges  0x00000060       0x10 ./main.o
 .debug_ranges  0x00000070       0x10 ./autogen/sl_board_default_init.o
 .debug_ranges  0x00000080       0x10 ./autogen/sl_device_init_clocks.o
 .debug_ranges  0x00000090       0x50 ./autogen/sl_event_handler.o
 .debug_ranges  0x000000e0       0x48 ./gecko_sdk_4.1.1/hardware/board/src/sl_board_control_gpio.o
 .debug_ranges  0x00000128       0x18 ./gecko_sdk_4.1.1/hardware/board/src/sl_board_init.o
 .debug_ranges  0x00000140       0x20 ./gecko_sdk_4.1.1/hardware/driver/mx25_flash_shutdown/src/sl_mx25_flash_shutdown_usart/sl_mx25_flash_shutdown.o
 .debug_ranges  0x00000160       0x80 ./gecko_sdk_4.1.1/platform/Device/SiliconLabs/EFR32BG22/Source/startup_efr32bg22.o
 .debug_ranges  0x000001e0       0x90 ./gecko_sdk_4.1.1/platform/Device/SiliconLabs/EFR32BG22/Source/system_efr32bg22.o
 .debug_ranges  0x00000270       0x10 ./gecko_sdk_4.1.1/platform/common/src/sl_assert.o
 .debug_ranges  0x00000280       0x20 ./gecko_sdk_4.1.1/platform/common/toolchain/src/sl_memory.o
 .debug_ranges  0x000002a0      0x288 ./gecko_sdk_4.1.1/platform/emlib/src/em_cmu.o
 .debug_ranges  0x00000528      0x1a0 ./gecko_sdk_4.1.1/platform/emlib/src/em_core.o
 .debug_ranges  0x000006c8      0x270 ./gecko_sdk_4.1.1/platform/emlib/src/em_emu.o
 .debug_ranges  0x00000938       0x70 ./gecko_sdk_4.1.1/platform/emlib/src/em_gpio.o
 .debug_ranges  0x000009a8      0x108 ./gecko_sdk_4.1.1/platform/emlib/src/em_usart.o
 .debug_ranges  0x00000ab0       0x10 ./gecko_sdk_4.1.1/platform/service/device_init/src/sl_device_init_dcdc_s2.o
 .debug_ranges  0x00000ac0       0x10 ./gecko_sdk_4.1.1/platform/service/device_init/src/sl_device_init_emu_s2.o
 .debug_ranges  0x00000ad0       0x10 ./gecko_sdk_4.1.1/platform/service/device_init/src/sl_device_init_hfxo_s2.o
 .debug_ranges  0x00000ae0       0x10 ./gecko_sdk_4.1.1/platform/service/device_init/src/sl_device_init_lfxo_s2.o
 .debug_ranges  0x00000af0       0x58 ./gecko_sdk_4.1.1/platform/service/device_init/src/sl_device_init_nvic.o
 .debug_ranges  0x00000b48       0x10 ./gecko_sdk_4.1.1/platform/service/system/src/sl_system_init.o
 .debug_ranges  0x00000b58       0x10 ./gecko_sdk_4.1.1/platform/service/system/src/sl_system_process_action.o
 .debug_ranges  0x00000b68       0x28 ./gecko_sdk_4.1.1/platform/service/udelay/src/sl_udelay.o

.debug_macro    0x00000000    0x27b40
 .debug_macro   0x00000000      0x2d9 ./app.o
 .debug_macro   0x000002d9      0xb3e ./app.o
 .debug_macro   0x00000e17       0x10 ./app.o
 .debug_macro   0x00000e27      0x773 ./app.o
 .debug_macro   0x0000159a       0x1c ./app.o
 .debug_macro   0x000015b6       0x22 ./app.o
 .debug_macro   0x000015d8       0x56 ./app.o
 .debug_macro   0x0000162e       0x51 ./app.o
 .debug_macro   0x0000167f      0x103 ./app.o
 .debug_macro   0x00001782       0x6a ./app.o
 .debug_macro   0x000017ec      0x1df ./app.o
 .debug_macro   0x000019cb       0x1c ./app.o
 .debug_macro   0x000019e7       0x29 ./app.o
 .debug_macro   0x00001a10      0x110 ./app.o
 .debug_macro   0x00001b20     0x17ea ./app.o
 .debug_macro   0x0000330a       0x5e ./app.o
 .debug_macro   0x00003368       0x16 ./app.o
 .debug_macro   0x0000337e      0xe4f ./app.o
 .debug_macro   0x000041cd     0x12bd ./app.o
 .debug_macro   0x0000548a      0x87c ./app.o
 .debug_macro   0x00005d06      0x300 ./app.o
 .debug_macro   0x00006006       0x34 ./app.o
 .debug_macro   0x0000603a      0x304 ./app.o
 .debug_macro   0x0000633e      0x456 ./app.o
 .debug_macro   0x00006794      0x4a1 ./app.o
 .debug_macro   0x00006c35      0x156 ./app.o
 .debug_macro   0x00006d8b      0x764 ./app.o
 .debug_macro   0x000074ef      0x363 ./app.o
 .debug_macro   0x00007852     0x14f4 ./app.o
 .debug_macro   0x00008d46       0x10 ./app.o
 .debug_macro   0x00008d56      0x997 ./app.o
 .debug_macro   0x000096ed     0x2b9a ./app.o
 .debug_macro   0x0000c287      0xcb2 ./app.o
 .debug_macro   0x0000cf39       0x4c ./app.o
 .debug_macro   0x0000cf85     0x15b8 ./app.o
 .debug_macro   0x0000e53d     0x210a ./app.o
 .debug_macro   0x00010647      0x53c ./app.o
 .debug_macro   0x00010b83      0xfe5 ./app.o
 .debug_macro   0x00011b68      0x955 ./app.o
 .debug_macro   0x000124bd       0x34 ./app.o
 .debug_macro   0x000124f1      0x308 ./app.o
 .debug_macro   0x000127f9      0x6a7 ./app.o
 .debug_macro   0x00012ea0      0x618 ./app.o
 .debug_macro   0x000134b8      0x91e ./app.o
 .debug_macro   0x00013dd6     0x1b1b ./app.o
 .debug_macro   0x000158f1      0x76b ./app.o
 .debug_macro   0x0001605c      0x8f3 ./app.o
 .debug_macro   0x0001694f     0x14b5 ./app.o
 .debug_macro   0x00017e04      0x688 ./app.o
 .debug_macro   0x0001848c      0x464 ./app.o
 .debug_macro   0x000188f0     0x141b ./app.o
 .debug_macro   0x00019d0b     0x15c0 ./app.o
 .debug_macro   0x0001b2cb     0x1384 ./app.o
 .debug_macro   0x0001c64f     0x155c ./app.o
 .debug_macro   0x0001dbab      0x2d0 ./app.o
 .debug_macro   0x0001de7b      0x26c ./app.o
 .debug_macro   0x0001e0e7       0x1c ./app.o
 .debug_macro   0x0001e103      0xc98 ./app.o
 .debug_macro   0x0001ed9b       0x16 ./app.o
 .debug_macro   0x0001edb1       0x10 ./app.o
 .debug_macro   0x0001edc1       0x8d ./app.o
 .debug_macro   0x0001ee4e       0x10 ./app.o
 .debug_macro   0x0001ee5e       0xf6 ./app.o
 .debug_macro   0x0001ef54       0x16 ./app.o
 .debug_macro   0x0001ef6a       0xd6 ./app.o
 .debug_macro   0x0001f040      0x2dd ./main.o
 .debug_macro   0x0001f31d      0xf00 ./main.o
 .debug_macro   0x0002021d       0x8e ./autogen/sl_board_default_init.o
 .debug_macro   0x000202ab      0xa8a ./autogen/sl_board_default_init.o
 .debug_macro   0x00020d35       0x56 ./autogen/sl_board_default_init.o
 .debug_macro   0x00020d8b      0x72f ./autogen/sl_board_default_init.o
 .debug_macro   0x000214ba      0x2f1 ./autogen/sl_device_init_clocks.o
 .debug_macro   0x000217ab     0x17ea ./autogen/sl_device_init_clocks.o
 .debug_macro   0x00022f95       0x22 ./autogen/sl_device_init_clocks.o
 .debug_macro   0x00022fb7      0x307 ./autogen/sl_device_init_clocks.o
 .debug_macro   0x000232be      0x11b ./autogen/sl_device_init_clocks.o
 .debug_macro   0x000233d9      0x33c ./autogen/sl_event_handler.o
 .debug_macro   0x00023715       0x12 ./autogen/sl_event_handler.o
 .debug_macro   0x00023727      0x735 ./autogen/sl_event_handler.o
 .debug_macro   0x00023e5c      0x2e2 ./gecko_sdk_4.1.1/hardware/board/src/sl_board_control_gpio.o
 .debug_macro   0x0002413e       0x6a ./gecko_sdk_4.1.1/hardware/board/src/sl_board_control_gpio.o
 .debug_macro   0x000241a8      0x307 ./gecko_sdk_4.1.1/hardware/board/src/sl_board_init.o
 .debug_macro   0x000244af       0xdc ./gecko_sdk_4.1.1/hardware/board/src/sl_board_init.o
 .debug_macro   0x0002458b       0x46 ./gecko_sdk_4.1.1/hardware/board/src/sl_board_init.o
 .debug_macro   0x000245d1      0x31a ./gecko_sdk_4.1.1/hardware/driver/mx25_flash_shutdown/src/sl_mx25_flash_shutdown_usart/sl_mx25_flash_shutdown.o
 .debug_macro   0x000248eb       0xf1 ./gecko_sdk_4.1.1/hardware/driver/mx25_flash_shutdown/src/sl_mx25_flash_shutdown_usart/sl_mx25_flash_shutdown.o
 .debug_macro   0x000249dc      0x270 ./gecko_sdk_4.1.1/platform/Device/SiliconLabs/EFR32BG22/Source/startup_efr32bg22.o
 .debug_macro   0x00024c4c      0x291 ./gecko_sdk_4.1.1/platform/Device/SiliconLabs/EFR32BG22/Source/system_efr32bg22.o
 .debug_macro   0x00024edd       0x2c ./gecko_sdk_4.1.1/platform/common/src/sl_assert.o
 .debug_macro   0x00024f09       0x92 ./gecko_sdk_4.1.1/platform/common/toolchain/src/sl_memory.o
 .debug_macro   0x00024f9b      0x16d ./gecko_sdk_4.1.1/platform/common/toolchain/src/sl_memory.o
 .debug_macro   0x00025108       0x16 ./gecko_sdk_4.1.1/platform/common/toolchain/src/sl_memory.o
 .debug_macro   0x0002511e      0x3ce ./gecko_sdk_4.1.1/platform/emlib/src/em_cmu.o
 .debug_macro   0x000254ec       0x64 ./gecko_sdk_4.1.1/platform/emlib/src/em_cmu.o
 .debug_macro   0x00025550      0x35d ./gecko_sdk_4.1.1/platform/emlib/src/em_cmu.o
 .debug_macro   0x000258ad       0x7c ./gecko_sdk_4.1.1/platform/emlib/src/em_cmu.o
 .debug_macro   0x00025929       0x17 ./gecko_sdk_4.1.1/platform/emlib/src/em_cmu.o
 .debug_macro   0x00025940       0xee ./gecko_sdk_4.1.1/platform/emlib/src/em_cmu.o
 .debug_macro   0x00025a2e       0x3f ./gecko_sdk_4.1.1/platform/emlib/src/em_cmu.o
 .debug_macro   0x00025a6d       0xdc ./gecko_sdk_4.1.1/platform/emlib/src/em_cmu.o
 .debug_macro   0x00025b49       0x34 ./gecko_sdk_4.1.1/platform/emlib/src/em_cmu.o
 .debug_macro   0x00025b7d       0x42 ./gecko_sdk_4.1.1/platform/emlib/src/em_cmu.o
 .debug_macro   0x00025bbf      0x2ac ./gecko_sdk_4.1.1/platform/emlib/src/em_core.o
 .debug_macro   0x00025e6b      0x37a ./gecko_sdk_4.1.1/platform/emlib/src/em_emu.o
 .debug_macro   0x000261e5       0x5e ./gecko_sdk_4.1.1/platform/emlib/src/em_emu.o
 .debug_macro   0x00026243       0x5c ./gecko_sdk_4.1.1/platform/emlib/src/em_emu.o
 .debug_macro   0x0002629f       0x39 ./gecko_sdk_4.1.1/platform/emlib/src/em_emu.o
 .debug_macro   0x000262d8      0x2cc ./gecko_sdk_4.1.1/platform/emlib/src/em_gpio.o
 .debug_macro   0x000265a4      0x315 ./gecko_sdk_4.1.1/platform/emlib/src/em_usart.o
 .debug_macro   0x000268b9       0xeb ./gecko_sdk_4.1.1/platform/emlib/src/em_usart.o
 .debug_macro   0x000269a4      0x2d9 ./gecko_sdk_4.1.1/platform/service/device_init/src/sl_device_init_dcdc_s2.o
 .debug_macro   0x00026c7d       0x22 ./gecko_sdk_4.1.1/platform/service/device_init/src/sl_device_init_dcdc_s2.o
 .debug_macro   0x00026c9f      0x2df ./gecko_sdk_4.1.1/platform/service/device_init/src/sl_device_init_emu_s2.o
 .debug_macro   0x00026f7e       0x10 ./gecko_sdk_4.1.1/platform/service/device_init/src/sl_device_init_emu_s2.o
 .debug_macro   0x00026f8e      0x306 ./gecko_sdk_4.1.1/platform/service/device_init/src/sl_device_init_hfxo_s2.o
 .debug_macro   0x00027294       0x1c ./gecko_sdk_4.1.1/platform/service/device_init/src/sl_device_init_hfxo_s2.o
 .debug_macro   0x000272b0      0x2fa ./gecko_sdk_4.1.1/platform/service/device_init/src/sl_device_init_lfxo_s2.o
 .debug_macro   0x000275aa       0x22 ./gecko_sdk_4.1.1/platform/service/device_init/src/sl_device_init_lfxo_s2.o
 .debug_macro   0x000275cc      0x2a9 ./gecko_sdk_4.1.1/platform/service/device_init/src/sl_device_init_nvic.o
 .debug_macro   0x00027875       0x24 ./gecko_sdk_4.1.1/platform/service/system/src/sl_system_init.o
 .debug_macro   0x00027899       0x24 ./gecko_sdk_4.1.1/platform/service/system/src/sl_system_process_action.o
 .debug_macro   0x000278bd      0x283 ./gecko_sdk_4.1.1/platform/service/udelay/src/sl_udelay.o

.debug_line     0x00000000    0x1121c
 .debug_line    0x00000000      0xa83 ./app.o
 .debug_line    0x00000a83      0x983 ./main.o
 .debug_line    0x00001406      0x393 ./autogen/sl_board_default_init.o
 .debug_line    0x00001799      0x97d ./autogen/sl_device_init_clocks.o
 .debug_line    0x00002116      0xafe ./autogen/sl_event_handler.o
 .debug_line    0x00002c14      0xb65 ./gecko_sdk_4.1.1/hardware/board/src/sl_board_control_gpio.o
 .debug_line    0x00003779      0xa84 ./gecko_sdk_4.1.1/hardware/board/src/sl_board_init.o
 .debug_line    0x000041fd      0xb7a ./gecko_sdk_4.1.1/hardware/driver/mx25_flash_shutdown/src/sl_mx25_flash_shutdown_usart/sl_mx25_flash_shutdown.o
 .debug_line    0x00004d77      0x898 ./gecko_sdk_4.1.1/platform/Device/SiliconLabs/EFR32BG22/Source/startup_efr32bg22.o
 .debug_line    0x0000560f      0xa7a ./gecko_sdk_4.1.1/platform/Device/SiliconLabs/EFR32BG22/Source/system_efr32bg22.o
 .debug_line    0x00006089      0x1d3 ./gecko_sdk_4.1.1/platform/common/src/sl_assert.o
 .debug_line    0x0000625c      0x3f0 ./gecko_sdk_4.1.1/platform/common/toolchain/src/sl_memory.o
 .debug_line    0x0000664c     0x295c ./gecko_sdk_4.1.1/platform/emlib/src/em_cmu.o
 .debug_line    0x00008fa8     0x1024 ./gecko_sdk_4.1.1/platform/emlib/src/em_core.o
 .debug_line    0x00009fcc     0x1452 ./gecko_sdk_4.1.1/platform/emlib/src/em_emu.o
 .debug_line    0x0000b41e      0xd79 ./gecko_sdk_4.1.1/platform/emlib/src/em_gpio.o
 .debug_line    0x0000c197     0x130f ./gecko_sdk_4.1.1/platform/emlib/src/em_usart.o
 .debug_line    0x0000d4a6      0x9b1 ./gecko_sdk_4.1.1/platform/service/device_init/src/sl_device_init_dcdc_s2.o
 .debug_line    0x0000de57      0x9c8 ./gecko_sdk_4.1.1/platform/service/device_init/src/sl_device_init_emu_s2.o
 .debug_line    0x0000e81f      0xa39 ./gecko_sdk_4.1.1/platform/service/device_init/src/sl_device_init_hfxo_s2.o
 .debug_line    0x0000f258      0x9f7 ./gecko_sdk_4.1.1/platform/service/device_init/src/sl_device_init_lfxo_s2.o
 .debug_line    0x0000fc4f      0x977 ./gecko_sdk_4.1.1/platform/service/device_init/src/sl_device_init_nvic.o
 .debug_line    0x000105c6      0x15c ./gecko_sdk_4.1.1/platform/service/system/src/sl_system_init.o
 .debug_line    0x00010722      0x165 ./gecko_sdk_4.1.1/platform/service/system/src/sl_system_process_action.o
 .debug_line    0x00010887      0x901 ./gecko_sdk_4.1.1/platform/service/udelay/src/sl_udelay.o
 .debug_line    0x00011188       0x94 ./gecko_sdk_4.1.1/platform/service/udelay/src/sl_udelay_armv6m_gcc.o

.debug_str      0x00000000    0xd887d
 .debug_str     0x00000000    0xc7986 ./app.o
                              0xc8390 (size before relaxing)
 .debug_str     0x000c7986       0x67 ./main.o
                              0xc747f (size before relaxing)
 .debug_str     0x000c79ed     0x3f59 ./autogen/sl_board_default_init.o
                               0x79e2 (size before relaxing)
 .debug_str     0x000cb946     0x2661 ./autogen/sl_device_init_clocks.o
                              0xcd2eb (size before relaxing)
 .debug_str     0x000cdfa7      0xba3 ./autogen/sl_event_handler.o
                              0xcbaa0 (size before relaxing)
 .debug_str     0x000ceb4a      0x454 ./gecko_sdk_4.1.1/hardware/board/src/sl_board_control_gpio.o
                              0xcb3fe (size before relaxing)
 .debug_str     0x000cef9e      0x22a ./gecko_sdk_4.1.1/hardware/board/src/sl_board_init.o
                              0xcd59b (size before relaxing)
 .debug_str     0x000cf1c8      0xc66 ./gecko_sdk_4.1.1/hardware/driver/mx25_flash_shutdown/src/sl_mx25_flash_shutdown_usart/sl_mx25_flash_shutdown.o
                              0xcb08e (size before relaxing)
 .debug_str     0x000cfe2e      0x168 ./gecko_sdk_4.1.1/platform/Device/SiliconLabs/EFR32BG22/Source/startup_efr32bg22.o
                              0xc5e0a (size before relaxing)
 .debug_str     0x000cff96      0xa75 ./gecko_sdk_4.1.1/platform/Device/SiliconLabs/EFR32BG22/Source/system_efr32bg22.o
                              0xc706c (size before relaxing)
 .debug_str     0x000d0a0b       0x54 ./gecko_sdk_4.1.1/platform/common/src/sl_assert.o
                               0x2e78 (size before relaxing)
 .debug_str     0x000d0a5f      0x3d6 ./gecko_sdk_4.1.1/platform/common/toolchain/src/sl_memory.o
                               0x4068 (size before relaxing)
 .debug_str     0x000d0e35     0x3c0b ./gecko_sdk_4.1.1/platform/emlib/src/em_cmu.o
                              0xcee21 (size before relaxing)
 .debug_str     0x000d4a40      0x388 ./gecko_sdk_4.1.1/platform/emlib/src/em_core.o
                              0xc7116 (size before relaxing)
 .debug_str     0x000d4dc8      0xa46 ./gecko_sdk_4.1.1/platform/emlib/src/em_emu.o
                              0xcd2f2 (size before relaxing)
 .debug_str     0x000d580e      0x1cf ./gecko_sdk_4.1.1/platform/emlib/src/em_gpio.o
                              0xc82a8 (size before relaxing)
 .debug_str     0x000d59dd     0x21c7 ./gecko_sdk_4.1.1/platform/emlib/src/em_usart.o
                              0xccdad (size before relaxing)
 .debug_str     0x000d7ba4      0x129 ./gecko_sdk_4.1.1/platform/service/device_init/src/sl_device_init_dcdc_s2.o
                              0xcab97 (size before relaxing)
 .debug_str     0x000d7ccd       0xf5 ./gecko_sdk_4.1.1/platform/service/device_init/src/sl_device_init_emu_s2.o
                              0xcad71 (size before relaxing)
 .debug_str     0x000d7dc2      0x61b ./gecko_sdk_4.1.1/platform/service/device_init/src/sl_device_init_hfxo_s2.o
                              0xcd81b (size before relaxing)
 .debug_str     0x000d83dd      0x270 ./gecko_sdk_4.1.1/platform/service/device_init/src/sl_device_init_lfxo_s2.o
                              0xcd0f7 (size before relaxing)
 .debug_str     0x000d864d       0x6f ./gecko_sdk_4.1.1/platform/service/device_init/src/sl_device_init_nvic.o
                              0xcaa2a (size before relaxing)
 .debug_str     0x000d86bc       0x5c ./gecko_sdk_4.1.1/platform/service/system/src/sl_system_init.o
                               0x2e49 (size before relaxing)
 .debug_str     0x000d8718       0x66 ./gecko_sdk_4.1.1/platform/service/system/src/sl_system_process_action.o
                               0x2e76 (size before relaxing)
 .debug_str     0x000d877e       0x8f ./gecko_sdk_4.1.1/platform/service/udelay/src/sl_udelay.o
                              0xc5da5 (size before relaxing)
 .debug_str     0x000d880d       0x70 ./gecko_sdk_4.1.1/platform/service/udelay/src/sl_udelay_armv6m_gcc.o
                                 0xbf (size before relaxing)

.debug_frame    0x00000000     0x13bc
 .debug_frame   0x00000000       0xb0 ./app.o
 .debug_frame   0x000000b0       0x28 ./main.o
 .debug_frame   0x000000d8       0x2c ./autogen/sl_board_default_init.o
 .debug_frame   0x00000104       0x28 ./autogen/sl_device_init_clocks.o
 .debug_frame   0x0000012c       0xac ./autogen/sl_event_handler.o
 .debug_frame   0x000001d8       0xf0 ./gecko_sdk_4.1.1/hardware/board/src/sl_board_control_gpio.o
 .debug_frame   0x000002c8       0x3c ./gecko_sdk_4.1.1/hardware/board/src/sl_board_init.o
 .debug_frame   0x00000304       0x54 ./gecko_sdk_4.1.1/hardware/driver/mx25_flash_shutdown/src/sl_mx25_flash_shutdown_usart/sl_mx25_flash_shutdown.o
 .debug_frame   0x00000358       0x38 ./gecko_sdk_4.1.1/platform/Device/SiliconLabs/EFR32BG22/Source/startup_efr32bg22.o
 .debug_frame   0x00000390      0x100 ./gecko_sdk_4.1.1/platform/Device/SiliconLabs/EFR32BG22/Source/system_efr32bg22.o
 .debug_frame   0x00000490       0x20 ./gecko_sdk_4.1.1/platform/common/src/sl_assert.o
 .debug_frame   0x000004b0       0x40 ./gecko_sdk_4.1.1/platform/common/toolchain/src/sl_memory.o
 .debug_frame   0x000004f0      0x440 ./gecko_sdk_4.1.1/platform/emlib/src/em_cmu.o
 .debug_frame   0x00000930      0x244 ./gecko_sdk_4.1.1/platform/emlib/src/em_core.o
 .debug_frame   0x00000b74      0x2ec ./gecko_sdk_4.1.1/platform/emlib/src/em_emu.o
 .debug_frame   0x00000e60      0x16c ./gecko_sdk_4.1.1/platform/emlib/src/em_gpio.o
 .debug_frame   0x00000fcc      0x1ec ./gecko_sdk_4.1.1/platform/emlib/src/em_usart.o
 .debug_frame   0x000011b8       0x28 ./gecko_sdk_4.1.1/platform/service/device_init/src/sl_device_init_dcdc_s2.o
 .debug_frame   0x000011e0       0x2c ./gecko_sdk_4.1.1/platform/service/device_init/src/sl_device_init_emu_s2.o
 .debug_frame   0x0000120c       0x34 ./gecko_sdk_4.1.1/platform/service/device_init/src/sl_device_init_hfxo_s2.o
 .debug_frame   0x00001240       0x30 ./gecko_sdk_4.1.1/platform/service/device_init/src/sl_device_init_lfxo_s2.o
 .debug_frame   0x00001270       0x28 ./gecko_sdk_4.1.1/platform/service/device_init/src/sl_device_init_nvic.o
 .debug_frame   0x00001298       0x2c ./gecko_sdk_4.1.1/platform/service/system/src/sl_system_init.o
 .debug_frame   0x000012c4       0x2c ./gecko_sdk_4.1.1/platform/service/system/src/sl_system_process_action.o
 .debug_frame   0x000012f0       0x38 ./gecko_sdk_4.1.1/platform/service/udelay/src/sl_udelay.o
 .debug_frame   0x00001328       0x28 c:/siliconlabs/simplicitystudio/v5/developer/toolchains/gnu_arm/10.3_2021.10/bin/../lib/gcc/arm-none-eabi/10.3.1/../../../../arm-none-eabi/lib/thumb/v8-m.main+fp/hard\libc_nano.a(lib_a-exit.o)
 .debug_frame   0x00001350       0x2c c:/siliconlabs/simplicitystudio/v5/developer/toolchains/gnu_arm/10.3_2021.10/bin/../lib/gcc/arm-none-eabi/10.3.1/../../../../arm-none-eabi/lib/thumb/v8-m.main+fp/hard\libc_nano.a(lib_a-init.o)
 .debug_frame   0x0000137c       0x20 c:/siliconlabs/simplicitystudio/v5/developer/toolchains/gnu_arm/10.3_2021.10/bin/../lib/gcc/arm-none-eabi/10.3.1/../../../../arm-none-eabi/lib/thumb/v8-m.main+fp/hard\libc_nano.a(lib_a-memset.o)
 .debug_frame   0x0000139c       0x20 c:/siliconlabs/simplicitystudio/v5/developer/toolchains/gnu_arm/10.3_2021.10/bin/../lib/gcc/arm-none-eabi/10.3.1/../../../../arm-none-eabi/lib/thumb/v8-m.main+fp/hard\libnosys.a(_exit.o)
